> Task :app:preBuild UP-TO-DATE
> Task :app:preDebugBuild UP-TO-DATE
> Task :app:mergeDebugNativeDebugMetadata NO-SOURCE
> Task :app:checkKotlinGradlePluginConfigurationErrors SKIPPED
> Task :app:generateDebugBuildConfig UP-TO-DATE
> Task :app:checkDebugAarMetadata UP-TO-DATE
> Task :app:processDebugNavigationResources UP-TO-DATE
> Task :app:compileDebugNavigationResources UP-TO-DATE
> Task :app:generateDebugResValues UP-TO-DATE
> Task :app:mapDebugSourceSetPaths UP-TO-DATE
> Task :app:generateDebugResources UP-TO-DATE
> Task :app:mergeDebugResources UP-TO-DATE
> Task :app:packageDebugResources UP-TO-DATE
> Task :app:parseDebugLocalResources UP-TO-DATE
> Task :app:createDebugCompatibleScreenManifests UP-TO-DATE
> Task :app:extractDeepLinksDebug UP-TO-DATE
> Task :app:processDebugMainManifest FROM-CACHE
> Task :app:processDebugManifest FROM-CACHE
> Task :app:processDebugManifestForPackage FROM-CACHE
> Task :app:processDebugResources FROM-CACHE
> Task :app:javaPreCompileDebug UP-TO-DATE
> Task :app:mergeDebugShaders UP-TO-DATE
> Task :app:compileDebugShaders NO-SOURCE
> Task :app:generateDebugAssets UP-TO-DATE
> Task :app:mergeDebugAssets UP-TO-DATE
> Task :app:compressDebugAssets UP-TO-DATE
> Task :app:checkDebugDuplicateClasses UP-TO-DATE
> Task :app:desugarDebugFileDependencies UP-TO-DATE
> Task :app:mergeExtDexDebug UP-TO-DATE
> Task :app:mergeLibDexDebug UP-TO-DATE
> Task :app:mergeDebugJniLibFolders UP-TO-DATE
> Task :app:mergeDebugNativeLibs UP-TO-DATE
> Task :app:stripDebugDebugSymbols UP-TO-DATE
> Task :app:validateSigningDebug UP-TO-DATE
> Task :app:writeDebugAppMetadata UP-TO-DATE
> Task :app:writeDebugSigningConfigVersions UP-TO-DATE
> Task :app:kspDebugKotlin

> Task :app:compileDebugKotlin
w: file:///home/anshul/1%20-%20Work./Projects-Big-Three/File/Kosmos/app/src/main/java/com/example/kosmos/MainActivity.kt:98:36 'fun <reified VM : ViewModel> hiltViewModel(viewModelStoreOwner: ViewModelStoreOwner = ..., key: String? = ...): VM' is deprecated. Moved to package: androidx.hilt.lifecycle.viewmodel.compose.
w: file:///home/anshul/1%20-%20Work./Projects-Big-Three/File/Kosmos/app/src/main/java/com/example/kosmos/MainActivity.kt:109:86 'fun <reified VM : ViewModel> hiltViewModel(viewModelStoreOwner: ViewModelStoreOwner = ..., key: String? = ...): VM' is deprecated. Moved to package: androidx.hilt.lifecycle.viewmodel.compose.
w: file:///home/anshul/1%20-%20Work./Projects-Big-Three/File/Kosmos/app/src/main/java/com/example/kosmos/MainActivity.kt:110:87 'fun <reified VM : ViewModel> hiltViewModel(viewModelStoreOwner: ViewModelStoreOwner = ..., key: String? = ...): VM' is deprecated. Moved to package: androidx.hilt.lifecycle.viewmodel.compose.
w: file:///home/anshul/1%20-%20Work./Projects-Big-Three/File/Kosmos/app/src/main/java/com/example/kosmos/MainActivity.kt:300:103 'fun <reified VM : ViewModel> hiltViewModel(viewModelStoreOwner: ViewModelStoreOwner = ..., key: String? = ...): VM' is deprecated. Moved to package: androidx.hilt.lifecycle.viewmodel.compose.
w: file:///home/anshul/1%20-%20Work./Projects-Big-Three/File/Kosmos/app/src/main/java/com/example/kosmos/MainActivity.kt:418:103 'fun <reified VM : ViewModel> hiltViewModel(viewModelStoreOwner: ViewModelStoreOwner = ..., key: String? = ...): VM' is deprecated. Moved to package: androidx.hilt.lifecycle.viewmodel.compose.
w: file:///home/anshul/1%20-%20Work./Projects-Big-Three/File/Kosmos/app/src/main/java/com/example/kosmos/MainActivity.kt:488:103 'fun <reified VM : ViewModel> hiltViewModel(viewModelStoreOwner: ViewModelStoreOwner = ..., key: String? = ...): VM' is deprecated. Moved to package: androidx.hilt.lifecycle.viewmodel.compose.
w: file:///home/anshul/1%20-%20Work./Projects-Big-Three/File/Kosmos/app/src/main/java/com/example/kosmos/MainActivity.kt:884:44 'val Icons.Filled.ArrowBack: ImageVector' is deprecated. Use the AutoMirrored version at Icons.AutoMirrored.Filled.ArrowBack.
w: file:///home/anshul/1%20-%20Work./Projects-Big-Three/File/Kosmos/app/src/main/java/com/example/kosmos/core/database/KosmosDatabase.kt:58:34 The corresponding parameter in the supertype 'Migration' is named 'db'. This may cause problems when calling this function with named arguments.
w: file:///home/anshul/1%20-%20Work./Projects-Big-Three/File/Kosmos/app/src/main/java/com/example/kosmos/core/database/KosmosDatabase.kt:69:34 The corresponding parameter in the supertype 'Migration' is named 'db'. This may cause problems when calling this function with named arguments.
w: file:///home/anshul/1%20-%20Work./Projects-Big-Three/File/Kosmos/app/src/main/java/com/example/kosmos/core/database/KosmosDatabase.kt:93:34 The corresponding parameter in the supertype 'Migration' is named 'db'. This may cause problems when calling this function with named arguments.
w: file:///home/anshul/1%20-%20Work./Projects-Big-Three/File/Kosmos/app/src/main/java/com/example/kosmos/core/database/KosmosDatabase.kt:142:34 The corresponding parameter in the supertype 'Migration' is named 'db'. This may cause problems when calling this function with named arguments.
w: file:///home/anshul/1%20-%20Work./Projects-Big-Three/File/Kosmos/app/src/main/java/com/example/kosmos/core/database/KosmosDatabase.kt:187:34 The corresponding parameter in the supertype 'Migration' is named 'db'. This may cause problems when calling this function with named arguments.
w: file:///home/anshul/1%20-%20Work./Projects-Big-Three/File/Kosmos/app/src/main/java/com/example/kosmos/core/database/KosmosDatabase.kt:236:34 The corresponding parameter in the supertype 'Migration' is named 'db'. This may cause problems when calling this function with named arguments.
w: file:///home/anshul/1%20-%20Work./Projects-Big-Three/File/Kosmos/app/src/main/java/com/example/kosmos/core/database/KosmosDatabase.kt:275:34 The corresponding parameter in the supertype 'Migration' is named 'db'. This may cause problems when calling this function with named arguments.
w: file:///home/anshul/1%20-%20Work./Projects-Big-Three/File/Kosmos/app/src/main/java/com/example/kosmos/core/database/KosmosDatabase.kt:301:34 The corresponding parameter in the supertype 'Migration' is named 'db'. This may cause problems when calling this function with named arguments.
w: file:///home/anshul/1%20-%20Work./Projects-Big-Three/File/Kosmos/app/src/main/java/com/example/kosmos/core/sync/TaskConflictResolver.kt:209:52 Unchecked cast of 'Any?' to 'List<String>'.
w: file:///home/anshul/1%20-%20Work./Projects-Big-Three/File/Kosmos/app/src/main/java/com/example/kosmos/data/sync/SyncQueueManager.kt:43:5 This annotation is currently applied to the value parameter only, but in the future it will also be applied to property.
- To opt in to applying to both value parameter and property, add '-Xannotation-default-target=param-property' to your compiler arguments.
- To keep applying to the value parameter only, use the '@param:' annotation target.

See https://youtrack.jetbrains.com/issue/KT-73255 for more details.
w: file:///home/anshul/1%20-%20Work./Projects-Big-Three/File/Kosmos/app/src/main/java/com/example/kosmos/features/auth/presentation/redesign/LoginScreen.kt:360:47 'val Icons.Filled.ArrowForward: ImageVector' is deprecated. Use the AutoMirrored version at Icons.AutoMirrored.Filled.ArrowForward.
w: file:///home/anshul/1%20-%20Work./Projects-Big-Three/File/Kosmos/app/src/main/java/com/example/kosmos/features/auth/presentation/redesign/SignUpScreen.kt:514:44 'val Icons.Filled.ArrowForward: ImageVector' is deprecated. Use the AutoMirrored version at Icons.AutoMirrored.Filled.ArrowForward.
w: file:///home/anshul/1%20-%20Work./Projects-Big-Three/File/Kosmos/app/src/main/java/com/example/kosmos/features/chat/presentation/ChatOptionsBottomSheet.kt:70:13 'fun Divider(modifier: Modifier = ..., thickness: Dp = ..., color: Color = ...): Unit' is deprecated. Renamed to HorizontalDivider.
w: file:///home/anshul/1%20-%20Work./Projects-Big-Three/File/Kosmos/app/src/main/java/com/example/kosmos/features/chat/presentation/ChatOptionsBottomSheet.kt:83:13 'fun Divider(modifier: Modifier = ..., thickness: Dp = ..., color: Color = ...): Unit' is deprecated. Renamed to HorizontalDivider.
w: file:///home/anshul/1%20-%20Work./Projects-Big-Three/File/Kosmos/app/src/main/java/com/example/kosmos/features/chat/presentation/ChatViewModel.kt:39:5 This annotation is currently applied to the value parameter only, but in the future it will also be applied to field.
- To opt in to applying to both value parameter and field, add '-Xannotation-default-target=param-property' to your compiler arguments.
- To keep applying to the value parameter only, use the '@param:' annotation target.

See https://youtrack.jetbrains.com/issue/KT-73255 for more details.
w: file:///home/anshul/1%20-%20Work./Projects-Big-Three/File/Kosmos/app/src/main/java/com/example/kosmos/features/chat/presentation/ChatViewModel.kt:83:18 This declaration is in a preview state and can be changed in a backwards-incompatible manner with a best-effort migration. Its usage should be marked with '@kotlinx.coroutines.FlowPreview' or '@OptIn(kotlinx.coroutines.FlowPreview::class)' if you accept the drawback of relying on preview API
w: file:///home/anshul/1%20-%20Work./Projects-Big-Three/File/Kosmos/app/src/main/java/com/example/kosmos/features/chat/presentation/CreateChatDialogWrapper.kt:21:36 'fun <reified VM : ViewModel> hiltViewModel(viewModelStoreOwner: ViewModelStoreOwner = ..., key: String? = ...): VM' is deprecated. Moved to package: androidx.hilt.lifecycle.viewmodel.compose.
w: file:///home/anshul/1%20-%20Work./Projects-Big-Three/File/Kosmos/app/src/main/java/com/example/kosmos/features/chat/presentation/redesign/ChatHubScreenWrapper.kt:58:38 'fun <reified VM : ViewModel> hiltViewModel(viewModelStoreOwner: ViewModelStoreOwner = ..., key: String? = ...): VM' is deprecated. Moved to package: androidx.hilt.lifecycle.viewmodel.compose.
w: file:///home/anshul/1%20-%20Work./Projects-Big-Three/File/Kosmos/app/src/main/java/com/example/kosmos/features/chat/presentation/redesign/ChatHubScreenWrapper.kt:59:44 'fun <reified VM : ViewModel> hiltViewModel(viewModelStoreOwner: ViewModelStoreOwner = ..., key: String? = ...): VM' is deprecated. Moved to package: androidx.hilt.lifecycle.viewmodel.compose.
w: file:///home/anshul/1%20-%20Work./Projects-Big-Three/File/Kosmos/app/src/main/java/com/example/kosmos/features/chat/presentation/redesign/ChatHubScreenWrapper.kt:60:38 'fun <reified VM : ViewModel> hiltViewModel(viewModelStoreOwner: ViewModelStoreOwner = ..., key: String? = ...): VM' is deprecated. Moved to package: androidx.hilt.lifecycle.viewmodel.compose.
w: file:///home/anshul/1%20-%20Work./Projects-Big-Three/File/Kosmos/app/src/main/java/com/example/kosmos/features/chat/presentation/redesign/ChatHubScreenWrapper.kt:315:21 Condition is always 'true'.
w: file:///home/anshul/1%20-%20Work./Projects-Big-Three/File/Kosmos/app/src/main/java/com/example/kosmos/features/chat/presentation/redesign/ChatListScreenReactWrapper.kt:29:38 'fun <reified VM : ViewModel> hiltViewModel(viewModelStoreOwner: ViewModelStoreOwner = ..., key: String? = ...): VM' is deprecated. Moved to package: androidx.hilt.lifecycle.viewmodel.compose.
w: file:///home/anshul/1%20-%20Work./Projects-Big-Three/File/Kosmos/app/src/main/java/com/example/kosmos/features/chat/presentation/redesign/ChatListScreenReactWrapper.kt:30:44 'fun <reified VM : ViewModel> hiltViewModel(viewModelStoreOwner: ViewModelStoreOwner = ..., key: String? = ...): VM' is deprecated. Moved to package: androidx.hilt.lifecycle.viewmodel.compose.
w: file:///home/anshul/1%20-%20Work./Projects-Big-Three/File/Kosmos/app/src/main/java/com/example/kosmos/features/chat/presentation/redesign/ChatListScreenReactWrapper.kt:31:38 'fun <reified VM : ViewModel> hiltViewModel(viewModelStoreOwner: ViewModelStoreOwner = ..., key: String? = ...): VM' is deprecated. Moved to package: androidx.hilt.lifecycle.viewmodel.compose.
w: file:///home/anshul/1%20-%20Work./Projects-Big-Three/File/Kosmos/app/src/main/java/com/example/kosmos/features/chat/presentation/redesign/ChatRoomScreenReact.kt:271:53 'val Icons.Filled.ArrowBack: ImageVector' is deprecated. Use the AutoMirrored version at Icons.AutoMirrored.Filled.ArrowBack.
w: file:///home/anshul/1%20-%20Work./Projects-Big-Three/File/Kosmos/app/src/main/java/com/example/kosmos/features/chat/presentation/redesign/ChatRoomScreenReact.kt:359:21 'fun Divider(modifier: Modifier = ..., thickness: Dp = ..., color: Color = ...): Unit' is deprecated. Renamed to HorizontalDivider.
w: file:///home/anshul/1%20-%20Work./Projects-Big-Three/File/Kosmos/app/src/main/java/com/example/kosmos/features/chat/presentation/redesign/ChatRoomScreenReact.kt:368:47 'val Icons.Filled.ExitToApp: ImageVector' is deprecated. Use the AutoMirrored version at Icons.AutoMirrored.Filled.ExitToApp.
w: file:///home/anshul/1%20-%20Work./Projects-Big-Three/File/Kosmos/app/src/main/java/com/example/kosmos/features/chat/presentation/redesign/ChatRoomScreenReact.kt:379:5 'fun Divider(modifier: Modifier = ..., thickness: Dp = ..., color: Color = ...): Unit' is deprecated. Renamed to HorizontalDivider.
w: file:///home/anshul/1%20-%20Work./Projects-Big-Three/File/Kosmos/app/src/main/java/com/example/kosmos/features/chat/presentation/redesign/ChatRoomScreenReact.kt:661:13 'fun Divider(modifier: Modifier = ..., thickness: Dp = ..., color: Color = ...): Unit' is deprecated. Renamed to HorizontalDivider.
w: file:///home/anshul/1%20-%20Work./Projects-Big-Three/File/Kosmos/app/src/main/java/com/example/kosmos/features/chat/presentation/redesign/ChatRoomScreenReact.kt:713:17 'fun Divider(modifier: Modifier = ..., thickness: Dp = ..., color: Color = ...): Unit' is deprecated. Renamed to HorizontalDivider.
w: file:///home/anshul/1%20-%20Work./Projects-Big-Three/File/Kosmos/app/src/main/java/com/example/kosmos/features/chat/presentation/redesign/ChatRoomScreenReact.kt:768:57 'val Icons.Filled.Send: ImageVector' is deprecated. Use the AutoMirrored version at Icons.AutoMirrored.Filled.Send.
w: file:///home/anshul/1%20-%20Work./Projects-Big-Three/File/Kosmos/app/src/main/java/com/example/kosmos/features/chat/presentation/redesign/ChatRoomScreenReactWrapper.kt:31:38 'fun <reified VM : ViewModel> hiltViewModel(viewModelStoreOwner: ViewModelStoreOwner = ..., key: String? = ...): VM' is deprecated. Moved to package: androidx.hilt.lifecycle.viewmodel.compose.
w: file:///home/anshul/1%20-%20Work./Projects-Big-Three/File/Kosmos/app/src/main/java/com/example/kosmos/features/chat/presentation/redesign/ChatRoomScreenReactWrapper.kt:32:44 'fun <reified VM : ViewModel> hiltViewModel(viewModelStoreOwner: ViewModelStoreOwner = ..., key: String? = ...): VM' is deprecated. Moved to package: androidx.hilt.lifecycle.viewmodel.compose.
w: file:///home/anshul/1%20-%20Work./Projects-Big-Three/File/Kosmos/app/src/main/java/com/example/kosmos/features/chat/presentation/redesign/ChatRoomScreenReactWrapper.kt:33:38 'fun <reified VM : ViewModel> hiltViewModel(viewModelStoreOwner: ViewModelStoreOwner = ..., key: String? = ...): VM' is deprecated. Moved to package: androidx.hilt.lifecycle.viewmodel.compose.
w: file:///home/anshul/1%20-%20Work./Projects-Big-Three/File/Kosmos/app/src/main/java/com/example/kosmos/features/notifications/NotificationListScreen.kt:47:44 'fun <reified VM : ViewModel> hiltViewModel(viewModelStoreOwner: ViewModelStoreOwner = ..., key: String? = ...): VM' is deprecated. Moved to package: androidx.hilt.lifecycle.viewmodel.compose.
w: file:///home/anshul/1%20-%20Work./Projects-Big-Three/File/Kosmos/app/src/main/java/com/example/kosmos/features/notifications/NotificationListScreen.kt:390:41 'val Icons.Filled.Comment: ImageVector' is deprecated. Use the AutoMirrored version at Icons.AutoMirrored.Filled.Comment.
w: file:///home/anshul/1%20-%20Work./Projects-Big-Three/File/Kosmos/app/src/main/java/com/example/kosmos/features/notifications/NotificationListener.kt:58:5 This annotation is currently applied to the value parameter only, but in the future it will also be applied to field.
- To opt in to applying to both value parameter and field, add '-Xannotation-default-target=param-property' to your compiler arguments.
- To keep applying to the value parameter only, use the '@param:' annotation target.

See https://youtrack.jetbrains.com/issue/KT-73255 for more details.
w: file:///home/anshul/1%20-%20Work./Projects-Big-Three/File/Kosmos/app/src/main/java/com/example/kosmos/features/notifications/ReminderScheduler.kt:32:5 This annotation is currently applied to the value parameter only, but in the future it will also be applied to field.
- To opt in to applying to both value parameter and field, add '-Xannotation-default-target=param-property' to your compiler arguments.
- To keep applying to the value parameter only, use the '@param:' annotation target.

See https://youtrack.jetbrains.com/issue/KT-73255 for more details.
w: file:///home/anshul/1%20-%20Work./Projects-Big-Three/File/Kosmos/app/src/main/java/com/example/kosmos/features/profile/presentation/PrivacySettingsViewModel.kt:43:5 This annotation is currently applied to the value parameter only, but in the future it will also be applied to field.
- To opt in to applying to both value parameter and field, add '-Xannotation-default-target=param-property' to your compiler arguments.
- To keep applying to the value parameter only, use the '@param:' annotation target.

See https://youtrack.jetbrains.com/issue/KT-73255 for more details.
w: file:///home/anshul/1%20-%20Work./Projects-Big-Three/File/Kosmos/app/src/main/java/com/example/kosmos/features/profile/presentation/redesign/EditProfileScreen.kt:119:43 'val Icons.Filled.ArrowBack: ImageVector' is deprecated. Use the AutoMirrored version at Icons.AutoMirrored.Filled.ArrowBack.
w: file:///home/anshul/1%20-%20Work./Projects-Big-Three/File/Kosmos/app/src/main/java/com/example/kosmos/features/profile/presentation/redesign/EditProfileScreenWrapper.kt:22:36 'fun <reified VM : ViewModel> hiltViewModel(viewModelStoreOwner: ViewModelStoreOwner = ..., key: String? = ...): VM' is deprecated. Moved to package: androidx.hilt.lifecycle.viewmodel.compose.
w: file:///home/anshul/1%20-%20Work./Projects-Big-Three/File/Kosmos/app/src/main/java/com/example/kosmos/features/profile/presentation/redesign/MoreTabScreen.kt:62:36 'fun <reified VM : ViewModel> hiltViewModel(viewModelStoreOwner: ViewModelStoreOwner = ..., key: String? = ...): VM' is deprecated. Moved to package: androidx.hilt.lifecycle.viewmodel.compose.
w: file:///home/anshul/1%20-%20Work./Projects-Big-Three/File/Kosmos/app/src/main/java/com/example/kosmos/features/profile/presentation/redesign/MoreTabScreen.kt:63:38 'fun <reified VM : ViewModel> hiltViewModel(viewModelStoreOwner: ViewModelStoreOwner = ..., key: String? = ...): VM' is deprecated. Moved to package: androidx.hilt.lifecycle.viewmodel.compose.
w: file:///home/anshul/1%20-%20Work./Projects-Big-Three/File/Kosmos/app/src/main/java/com/example/kosmos/features/profile/presentation/redesign/NotificationSettingsScreen.kt:74:43 'val Icons.Filled.ArrowBack: ImageVector' is deprecated. Use the AutoMirrored version at Icons.AutoMirrored.Filled.ArrowBack.
w: file:///home/anshul/1%20-%20Work./Projects-Big-Three/File/Kosmos/app/src/main/java/com/example/kosmos/features/profile/presentation/redesign/NotificationSettingsScreen.kt:161:54 'val Icons.Filled.Message: ImageVector' is deprecated. Use the AutoMirrored version at Icons.AutoMirrored.Filled.Message.
w: file:///home/anshul/1%20-%20Work./Projects-Big-Three/File/Kosmos/app/src/main/java/com/example/kosmos/features/profile/presentation/redesign/NotificationSettingsScreen.kt:167:29 'fun Divider(modifier: Modifier = ..., thickness: Dp = ..., color: Color = ...): Unit' is deprecated. Renamed to HorizontalDivider.
w: file:///home/anshul/1%20-%20Work./Projects-Big-Three/File/Kosmos/app/src/main/java/com/example/kosmos/features/profile/presentation/redesign/NotificationSettingsScreen.kt:175:54 'val Icons.Filled.Assignment: ImageVector' is deprecated. Use the AutoMirrored version at Icons.AutoMirrored.Filled.Assignment.
w: file:///home/anshul/1%20-%20Work./Projects-Big-Three/File/Kosmos/app/src/main/java/com/example/kosmos/features/profile/presentation/redesign/NotificationSettingsScreen.kt:181:29 'fun Divider(modifier: Modifier = ..., thickness: Dp = ..., color: Color = ...): Unit' is deprecated. Renamed to HorizontalDivider.
w: file:///home/anshul/1%20-%20Work./Projects-Big-Three/File/Kosmos/app/src/main/java/com/example/kosmos/features/profile/presentation/redesign/NotificationSettingsScreen.kt:195:29 'fun Divider(modifier: Modifier = ..., thickness: Dp = ..., color: Color = ...): Unit' is deprecated. Renamed to HorizontalDivider.
w: file:///home/anshul/1%20-%20Work./Projects-Big-Three/File/Kosmos/app/src/main/java/com/example/kosmos/features/profile/presentation/redesign/NotificationSettingsScreen.kt:276:46 'val Icons.Filled.VolumeUp: ImageVector' is deprecated. Use the AutoMirrored version at Icons.AutoMirrored.Filled.VolumeUp.
w: file:///home/anshul/1%20-%20Work./Projects-Big-Three/File/Kosmos/app/src/main/java/com/example/kosmos/features/profile/presentation/redesign/NotificationSettingsScreen.kt:297:29 'fun Divider(modifier: Modifier = ..., thickness: Dp = ..., color: Color = ...): Unit' is deprecated. Renamed to HorizontalDivider.
w: file:///home/anshul/1%20-%20Work./Projects-Big-Three/File/Kosmos/app/src/main/java/com/example/kosmos/features/profile/presentation/redesign/NotificationSettingsScreen.kt:369:33 'fun Divider(modifier: Modifier = ..., thickness: Dp = ..., color: Color = ...): Unit' is deprecated. Renamed to HorizontalDivider.
w: file:///home/anshul/1%20-%20Work./Projects-Big-Three/File/Kosmos/app/src/main/java/com/example/kosmos/features/profile/presentation/redesign/NotificationSettingsScreen.kt:407:55 'val Icons.Filled.ArrowForward: ImageVector' is deprecated. Use the AutoMirrored version at Icons.AutoMirrored.Filled.ArrowForward.
w: file:///home/anshul/1%20-%20Work./Projects-Big-Three/File/Kosmos/app/src/main/java/com/example/kosmos/features/profile/presentation/redesign/NotificationSettingsScreenWrapper.kt:22:48 'fun <reified VM : ViewModel> hiltViewModel(viewModelStoreOwner: ViewModelStoreOwner = ..., key: String? = ...): VM' is deprecated. Moved to package: androidx.hilt.lifecycle.viewmodel.compose.
w: file:///home/anshul/1%20-%20Work./Projects-Big-Three/File/Kosmos/app/src/main/java/com/example/kosmos/features/profile/presentation/redesign/PrivacySettingsScreen.kt:65:43 'val Icons.Filled.ArrowBack: ImageVector' is deprecated. Use the AutoMirrored version at Icons.AutoMirrored.Filled.ArrowBack.
w: file:///home/anshul/1%20-%20Work./Projects-Big-Three/File/Kosmos/app/src/main/java/com/example/kosmos/features/profile/presentation/redesign/PrivacySettingsScreen.kt:133:25 'fun Divider(modifier: Modifier = ..., thickness: Dp = ..., color: Color = ...): Unit' is deprecated. Renamed to HorizontalDivider.
w: file:///home/anshul/1%20-%20Work./Projects-Big-Three/File/Kosmos/app/src/main/java/com/example/kosmos/features/profile/presentation/redesign/PrivacySettingsScreen.kt:145:25 'fun Divider(modifier: Modifier = ..., thickness: Dp = ..., color: Color = ...): Unit' is deprecated. Renamed to HorizontalDivider.
w: file:///home/anshul/1%20-%20Work./Projects-Big-Three/File/Kosmos/app/src/main/java/com/example/kosmos/features/profile/presentation/redesign/PrivacySettingsScreen.kt:161:42 'val Icons.Filled.Chat: ImageVector' is deprecated. Use the AutoMirrored version at Icons.AutoMirrored.Filled.Chat.
w: file:///home/anshul/1%20-%20Work./Projects-Big-Three/File/Kosmos/app/src/main/java/com/example/kosmos/features/profile/presentation/redesign/PrivacySettingsScreen.kt:180:25 'fun Divider(modifier: Modifier = ..., thickness: Dp = ..., color: Color = ...): Unit' is deprecated. Renamed to HorizontalDivider.
w: file:///home/anshul/1%20-%20Work./Projects-Big-Three/File/Kosmos/app/src/main/java/com/example/kosmos/features/profile/presentation/redesign/PrivacySettingsScreenWrapper.kt:22:43 'fun <reified VM : ViewModel> hiltViewModel(viewModelStoreOwner: ViewModelStoreOwner = ..., key: String? = ...): VM' is deprecated. Moved to package: androidx.hilt.lifecycle.viewmodel.compose.
w: file:///home/anshul/1%20-%20Work./Projects-Big-Three/File/Kosmos/app/src/main/java/com/example/kosmos/features/profile/presentation/redesign/ProfileScreen.kt:68:43 'val Icons.Filled.ArrowBack: ImageVector' is deprecated. Use the AutoMirrored version at Icons.AutoMirrored.Filled.ArrowBack.
w: file:///home/anshul/1%20-%20Work./Projects-Big-Three/File/Kosmos/app/src/main/java/com/example/kosmos/features/profile/presentation/redesign/ProfileScreen.kt:304:25 'fun Divider(modifier: Modifier = ..., thickness: Dp = ..., color: Color = ...): Unit' is deprecated. Renamed to HorizontalDivider.
w: file:///home/anshul/1%20-%20Work./Projects-Big-Three/File/Kosmos/app/src/main/java/com/example/kosmos/features/profile/presentation/redesign/ProfileScreen.kt:315:25 'fun Divider(modifier: Modifier = ..., thickness: Dp = ..., color: Color = ...): Unit' is deprecated. Renamed to HorizontalDivider.
w: file:///home/anshul/1%20-%20Work./Projects-Big-Three/File/Kosmos/app/src/main/java/com/example/kosmos/features/profile/presentation/redesign/ProfileScreen.kt:321:50 'val Icons.Filled.ExitToApp: ImageVector' is deprecated. Use the AutoMirrored version at Icons.AutoMirrored.Filled.ExitToApp.
w: file:///home/anshul/1%20-%20Work./Projects-Big-Three/File/Kosmos/app/src/main/java/com/example/kosmos/features/profile/presentation/redesign/ProfileScreen.kt:393:35 'val Icons.Filled.OpenInNew: ImageVector' is deprecated. Use the AutoMirrored version at Icons.AutoMirrored.Filled.OpenInNew.
w: file:///home/anshul/1%20-%20Work./Projects-Big-Three/File/Kosmos/app/src/main/java/com/example/kosmos/features/profile/presentation/redesign/ProfileScreenWrapper.kt:32:36 'fun <reified VM : ViewModel> hiltViewModel(viewModelStoreOwner: ViewModelStoreOwner = ..., key: String? = ...): VM' is deprecated. Moved to package: androidx.hilt.lifecycle.viewmodel.compose.
w: file:///home/anshul/1%20-%20Work./Projects-Big-Three/File/Kosmos/app/src/main/java/com/example/kosmos/features/profile/presentation/redesign/ProfileScreenWrapper.kt:33:44 'fun <reified VM : ViewModel> hiltViewModel(viewModelStoreOwner: ViewModelStoreOwner = ..., key: String? = ...): VM' is deprecated. Moved to package: androidx.hilt.lifecycle.viewmodel.compose.
w: file:///home/anshul/1%20-%20Work./Projects-Big-Three/File/Kosmos/app/src/main/java/com/example/kosmos/features/profile/presentation/redesign/ProfileScreenWrapper.kt:34:38 'fun <reified VM : ViewModel> hiltViewModel(viewModelStoreOwner: ViewModelStoreOwner = ..., key: String? = ...): VM' is deprecated. Moved to package: androidx.hilt.lifecycle.viewmodel.compose.
w: file:///home/anshul/1%20-%20Work./Projects-Big-Three/File/Kosmos/app/src/main/java/com/example/kosmos/features/project/presentation/ProjectViewModel.kt:90:18 This declaration is in a preview state and can be changed in a backwards-incompatible manner with a best-effort migration. Its usage should be marked with '@kotlinx.coroutines.FlowPreview' or '@OptIn(kotlinx.coroutines.FlowPreview::class)' if you accept the drawback of relying on preview API
w: file:///home/anshul/1%20-%20Work./Projects-Big-Three/File/Kosmos/app/src/main/java/com/example/kosmos/features/projects/components/ProjectCreationWizard.kt:149:25 'fun Divider(modifier: Modifier = ..., thickness: Dp = ..., color: Color = ...): Unit' is deprecated. Renamed to HorizontalDivider.
w: file:///home/anshul/1%20-%20Work./Projects-Big-Three/File/Kosmos/app/src/main/java/com/example/kosmos/features/projects/components/ProjectCreationWizard.kt:227:25 'fun Divider(modifier: Modifier = ..., thickness: Dp = ..., color: Color = ...): Unit' is deprecated. Renamed to HorizontalDivider.
w: file:///home/anshul/1%20-%20Work./Projects-Big-Three/File/Kosmos/app/src/main/java/com/example/kosmos/features/projects/components/ProjectWizardComponents.kt:344:22 'fun Modifier.menuAnchor(): Modifier' is deprecated. Use overload that takes ExposedDropdownMenuAnchorType and enabled parameters.
w: file:///home/anshul/1%20-%20Work./Projects-Big-Three/File/Kosmos/app/src/main/java/com/example/kosmos/features/projects/components/ProjectWizardComponents.kt:681:45 'fun Modifier.menuAnchor(): Modifier' is deprecated. Use overload that takes ExposedDropdownMenuAnchorType and enabled parameters.
w: file:///home/anshul/1%20-%20Work./Projects-Big-Three/File/Kosmos/app/src/main/java/com/example/kosmos/features/projects/components/ProjectWizardComponents.kt:804:49 'val Icons.Filled.ArrowBack: ImageVector' is deprecated. Use the AutoMirrored version at Icons.AutoMirrored.Filled.ArrowBack.
w: file:///home/anshul/1%20-%20Work./Projects-Big-Three/File/Kosmos/app/src/main/java/com/example/kosmos/features/projects/components/ProjectWizardComponents.kt:825:49 'val Icons.Filled.ArrowForward: ImageVector' is deprecated. Use the AutoMirrored version at Icons.AutoMirrored.Filled.ArrowForward.
w: file:///home/anshul/1%20-%20Work./Projects-Big-Three/File/Kosmos/app/src/main/java/com/example/kosmos/features/projects/components/Step1ProjectDetails.kt:144:9 'fun Divider(modifier: Modifier = ..., thickness: Dp = ..., color: Color = ...): Unit' is deprecated. Renamed to HorizontalDivider.
w: file:///home/anshul/1%20-%20Work./Projects-Big-Three/File/Kosmos/app/src/main/java/com/example/kosmos/features/projects/components/Step1ProjectDetails.kt:168:9 'fun Divider(modifier: Modifier = ..., thickness: Dp = ..., color: Color = ...): Unit' is deprecated. Renamed to HorizontalDivider.
w: file:///home/anshul/1%20-%20Work./Projects-Big-Three/File/Kosmos/app/src/main/java/com/example/kosmos/features/projects/components/Step1ProjectDetails.kt:242:9 'fun Divider(modifier: Modifier = ..., thickness: Dp = ..., color: Color = ...): Unit' is deprecated. Renamed to HorizontalDivider.
w: file:///home/anshul/1%20-%20Work./Projects-Big-Three/File/Kosmos/app/src/main/java/com/example/kosmos/features/projects/components/Step2AddMembers.kt:93:9 'fun Divider(modifier: Modifier = ..., thickness: Dp = ..., color: Color = ...): Unit' is deprecated. Renamed to HorizontalDivider.
w: file:///home/anshul/1%20-%20Work./Projects-Big-Three/File/Kosmos/app/src/main/java/com/example/kosmos/features/projects/components/Step2AddMembers.kt:147:13 'fun Divider(modifier: Modifier = ..., thickness: Dp = ..., color: Color = ...): Unit' is deprecated. Renamed to HorizontalDivider.
w: file:///home/anshul/1%20-%20Work./Projects-Big-Three/File/Kosmos/app/src/main/java/com/example/kosmos/features/projects/components/Step2AddMembers.kt:199:9 'fun Divider(modifier: Modifier = ..., thickness: Dp = ..., color: Color = ...): Unit' is deprecated. Renamed to HorizontalDivider.
w: file:///home/anshul/1%20-%20Work./Projects-Big-Three/File/Kosmos/app/src/main/java/com/example/kosmos/features/projects/components/Step2AddMembers.kt:327:9 'fun Divider(modifier: Modifier = ..., thickness: Dp = ..., color: Color = ...): Unit' is deprecated. Renamed to HorizontalDivider.
w: file:///home/anshul/1%20-%20Work./Projects-Big-Three/File/Kosmos/app/src/main/java/com/example/kosmos/features/projects/components/Step3ReviewCreate.kt:68:9 'fun Divider(modifier: Modifier = ..., thickness: Dp = ..., color: Color = ...): Unit' is deprecated. Renamed to HorizontalDivider.
w: file:///home/anshul/1%20-%20Work./Projects-Big-Three/File/Kosmos/app/src/main/java/com/example/kosmos/features/projects/components/Step3ReviewCreate.kt:119:9 'fun Divider(modifier: Modifier = ..., thickness: Dp = ..., color: Color = ...): Unit' is deprecated. Renamed to HorizontalDivider.
w: file:///home/anshul/1%20-%20Work./Projects-Big-Three/File/Kosmos/app/src/main/java/com/example/kosmos/features/projects/components/Step3ReviewCreate.kt:151:9 'fun Divider(modifier: Modifier = ..., thickness: Dp = ..., color: Color = ...): Unit' is deprecated. Renamed to HorizontalDivider.
w: file:///home/anshul/1%20-%20Work./Projects-Big-Three/File/Kosmos/app/src/main/java/com/example/kosmos/features/projects/presentation/MembersListScreen.kt:35:39 'fun <reified VM : ViewModel> hiltViewModel(viewModelStoreOwner: ViewModelStoreOwner = ..., key: String? = ...): VM' is deprecated. Moved to package: androidx.hilt.lifecycle.viewmodel.compose.
w: file:///home/anshul/1%20-%20Work./Projects-Big-Three/File/Kosmos/app/src/main/java/com/example/kosmos/features/projects/presentation/MembersListScreen.kt:76:44 'val Icons.Filled.ArrowBack: ImageVector' is deprecated. Use the AutoMirrored version at Icons.AutoMirrored.Filled.ArrowBack.
w: file:///home/anshul/1%20-%20Work./Projects-Big-Three/File/Kosmos/app/src/main/java/com/example/kosmos/features/projects/presentation/redesign/MembersListScreenReactWrapper.kt:19:39 'fun <reified VM : ViewModel> hiltViewModel(viewModelStoreOwner: ViewModelStoreOwner = ..., key: String? = ...): VM' is deprecated. Moved to package: androidx.hilt.lifecycle.viewmodel.compose.
w: file:///home/anshul/1%20-%20Work./Projects-Big-Three/File/Kosmos/app/src/main/java/com/example/kosmos/features/projects/presentation/redesign/MembersListScreenWrapper.kt:28:39 'fun <reified VM : ViewModel> hiltViewModel(viewModelStoreOwner: ViewModelStoreOwner = ..., key: String? = ...): VM' is deprecated. Moved to package: androidx.hilt.lifecycle.viewmodel.compose.
w: file:///home/anshul/1%20-%20Work./Projects-Big-Three/File/Kosmos/app/src/main/java/com/example/kosmos/features/projects/presentation/redesign/ProjectActivityScreenReact.kt:284:60 'val Icons.Filled.Assignment: ImageVector' is deprecated. Use the AutoMirrored version at Icons.AutoMirrored.Filled.Assignment.
w: file:///home/anshul/1%20-%20Work./Projects-Big-Three/File/Kosmos/app/src/main/java/com/example/kosmos/features/projects/presentation/redesign/ProjectActivityScreenReact.kt:288:59 'val Icons.Filled.Chat: ImageVector' is deprecated. Use the AutoMirrored version at Icons.AutoMirrored.Filled.Chat.
w: file:///home/anshul/1%20-%20Work./Projects-Big-Three/File/Kosmos/app/src/main/java/com/example/kosmos/features/projects/presentation/redesign/ProjectDetailsScreenReact.kt:338:34 'val Icons.Filled.Chat: ImageVector' is deprecated. Use the AutoMirrored version at Icons.AutoMirrored.Filled.Chat.
w: file:///home/anshul/1%20-%20Work./Projects-Big-Three/File/Kosmos/app/src/main/java/com/example/kosmos/features/projects/presentation/redesign/ProjectDetailsScreenReact.kt:454:49 'val Icons.Filled.ArrowForward: ImageVector' is deprecated. Use the AutoMirrored version at Icons.AutoMirrored.Filled.ArrowForward.
w: file:///home/anshul/1%20-%20Work./Projects-Big-Three/File/Kosmos/app/src/main/java/com/example/kosmos/features/projects/presentation/redesign/ProjectDetailsScreenReactWrapper.kt:52:35 'fun <reified VM : ViewModel> hiltViewModel(viewModelStoreOwner: ViewModelStoreOwner = ..., key: String? = ...): VM' is deprecated. Moved to package: androidx.hilt.lifecycle.viewmodel.compose.
w: file:///home/anshul/1%20-%20Work./Projects-Big-Three/File/Kosmos/app/src/main/java/com/example/kosmos/features/projects/presentation/redesign/ProjectDetailsScreenReactWrapper.kt:53:38 'fun <reified VM : ViewModel> hiltViewModel(viewModelStoreOwner: ViewModelStoreOwner = ..., key: String? = ...): VM' is deprecated. Moved to package: androidx.hilt.lifecycle.viewmodel.compose.
w: file:///home/anshul/1%20-%20Work./Projects-Big-Three/File/Kosmos/app/src/main/java/com/example/kosmos/features/projects/presentation/redesign/ProjectListScreenReact.kt:416:25 'fun Divider(modifier: Modifier = ..., thickness: Dp = ..., color: Color = ...): Unit' is deprecated. Renamed to HorizontalDivider.
w: file:///home/anshul/1%20-%20Work./Projects-Big-Three/File/Kosmos/app/src/main/java/com/example/kosmos/features/projects/presentation/redesign/ProjectListScreenReact.kt:459:42 'val Icons.Filled.Chat: ImageVector' is deprecated. Use the AutoMirrored version at Icons.AutoMirrored.Filled.Chat.
w: file:///home/anshul/1%20-%20Work./Projects-Big-Three/File/Kosmos/app/src/main/java/com/example/kosmos/features/projects/presentation/redesign/ProjectListScreenReactWrapper.kt:35:35 'fun <reified VM : ViewModel> hiltViewModel(viewModelStoreOwner: ViewModelStoreOwner = ..., key: String? = ...): VM' is deprecated. Moved to package: androidx.hilt.lifecycle.viewmodel.compose.
w: file:///home/anshul/1%20-%20Work./Projects-Big-Three/File/Kosmos/app/src/main/java/com/example/kosmos/features/projects/presentation/redesign/ProjectWorkspaceScreen.kt:80:35 'fun <reified VM : ViewModel> hiltViewModel(viewModelStoreOwner: ViewModelStoreOwner = ..., key: String? = ...): VM' is deprecated. Moved to package: androidx.hilt.lifecycle.viewmodel.compose.
w: file:///home/anshul/1%20-%20Work./Projects-Big-Three/File/Kosmos/app/src/main/java/com/example/kosmos/features/projects/presentation/redesign/ProjectWorkspaceScreen.kt:81:44 'fun <reified VM : ViewModel> hiltViewModel(viewModelStoreOwner: ViewModelStoreOwner = ..., key: String? = ...): VM' is deprecated. Moved to package: androidx.hilt.lifecycle.viewmodel.compose.
w: file:///home/anshul/1%20-%20Work./Projects-Big-Three/File/Kosmos/app/src/main/java/com/example/kosmos/features/settings/presentation/SettingsViewModel.kt:27:5 This annotation is currently applied to the value parameter only, but in the future it will also be applied to field.
- To opt in to applying to both value parameter and field, add '-Xannotation-default-target=param-property' to your compiler arguments.
- To keep applying to the value parameter only, use the '@param:' annotation target.

See https://youtrack.jetbrains.com/issue/KT-73255 for more details.
w: file:///home/anshul/1%20-%20Work./Projects-Big-Three/File/Kosmos/app/src/main/java/com/example/kosmos/features/settings/presentation/SettingsViewModel.kt:51:56 This declaration needs opt-in. Its usage should be marked with '@coil.annotation.ExperimentalCoilApi' or '@OptIn(coil.annotation.ExperimentalCoilApi::class)'
w: file:///home/anshul/1%20-%20Work./Projects-Big-Three/File/Kosmos/app/src/main/java/com/example/kosmos/features/settings/presentation/redesign/SettingsScreenWrapper.kt:27:36 'fun <reified VM : ViewModel> hiltViewModel(viewModelStoreOwner: ViewModelStoreOwner = ..., key: String? = ...): VM' is deprecated. Moved to package: androidx.hilt.lifecycle.viewmodel.compose.
w: file:///home/anshul/1%20-%20Work./Projects-Big-Three/File/Kosmos/app/src/main/java/com/example/kosmos/features/tasks/components/ConflictResolutionDialog.kt:327:27 'fun String.capitalize(): String' is deprecated. Use replaceFirstChar instead.
w: file:///home/anshul/1%20-%20Work./Projects-Big-Three/File/Kosmos/app/src/main/java/com/example/kosmos/features/tasks/presentation/ActivityLogScreenWrapper.kt:21:39 'fun <reified VM : ViewModel> hiltViewModel(viewModelStoreOwner: ViewModelStoreOwner = ..., key: String? = ...): VM' is deprecated. Moved to package: androidx.hilt.lifecycle.viewmodel.compose.
w: file:///home/anshul/1%20-%20Work./Projects-Big-Three/File/Kosmos/app/src/main/java/com/example/kosmos/features/tasks/presentation/TaskEditViewModel.kt:102:47 Unchecked cast of 'Any?' to 'List<String>'.
w: file:///home/anshul/1%20-%20Work./Projects-Big-Three/File/Kosmos/app/src/main/java/com/example/kosmos/features/tasks/presentation/TaskViewModel.kt:68:18 This declaration is in a preview state and can be changed in a backwards-incompatible manner with a best-effort migration. Its usage should be marked with '@kotlinx.coroutines.FlowPreview' or '@OptIn(kotlinx.coroutines.FlowPreview::class)' if you accept the drawback of relying on preview API
w: file:///home/anshul/1%20-%20Work./Projects-Big-Three/File/Kosmos/app/src/main/java/com/example/kosmos/features/tasks/presentation/TaskViewModel.kt:847:36 'suspend fun syncUserTasks(userId: String): Result<Unit>' is deprecated. Use project-centric sync via InitialSyncManager instead. This only fetches tasks assigned to user, missing other project tasks.
w: file:///home/anshul/1%20-%20Work./Projects-Big-Three/File/Kosmos/app/src/main/java/com/example/kosmos/features/tasks/presentation/redesign/MyTasksScreenReact.kt:336:45 'val Icons.Filled.List: ImageVector' is deprecated. Use the AutoMirrored version at Icons.AutoMirrored.Filled.List.
w: file:///home/anshul/1%20-%20Work./Projects-Big-Three/File/Kosmos/app/src/main/java/com/example/kosmos/features/tasks/presentation/redesign/MyTasksScreenReact.kt:745:29 'fun Divider(modifier: Modifier = ..., thickness: Dp = ..., color: Color = ...): Unit' is deprecated. Renamed to HorizontalDivider.
w: file:///home/anshul/1%20-%20Work./Projects-Big-Three/File/Kosmos/app/src/main/java/com/example/kosmos/features/tasks/presentation/redesign/MyTasksScreenReactWrapper.kt:31:38 'fun <reified VM : ViewModel> hiltViewModel(viewModelStoreOwner: ViewModelStoreOwner = ..., key: String? = ...): VM' is deprecated. Moved to package: androidx.hilt.lifecycle.viewmodel.compose.
w: file:///home/anshul/1%20-%20Work./Projects-Big-Three/File/Kosmos/app/src/main/java/com/example/kosmos/features/tasks/presentation/redesign/MyTasksScreenReactWrapper.kt:32:38 'fun <reified VM : ViewModel> hiltViewModel(viewModelStoreOwner: ViewModelStoreOwner = ..., key: String? = ...): VM' is deprecated. Moved to package: androidx.hilt.lifecycle.viewmodel.compose.
w: file:///home/anshul/1%20-%20Work./Projects-Big-Three/File/Kosmos/app/src/main/java/com/example/kosmos/features/tasks/presentation/redesign/MyTasksScreenReactWrapper.kt:33:44 'fun <reified VM : ViewModel> hiltViewModel(viewModelStoreOwner: ViewModelStoreOwner = ..., key: String? = ...): VM' is deprecated. Moved to package: androidx.hilt.lifecycle.viewmodel.compose.
w: file:///home/anshul/1%20-%20Work./Projects-Big-Three/File/Kosmos/app/src/main/java/com/example/kosmos/features/tasks/presentation/redesign/QuickTaskCreationSheetWrapper.kt:20:32 'fun <reified VM : ViewModel> hiltViewModel(viewModelStoreOwner: ViewModelStoreOwner = ..., key: String? = ...): VM' is deprecated. Moved to package: androidx.hilt.lifecycle.viewmodel.compose.
w: file:///home/anshul/1%20-%20Work./Projects-Big-Three/File/Kosmos/app/src/main/java/com/example/kosmos/features/tasks/presentation/redesign/QuickTaskCreationSheetWrapper.kt:21:91 'fun <reified VM : ViewModel> hiltViewModel(viewModelStoreOwner: ViewModelStoreOwner = ..., key: String? = ...): VM' is deprecated. Moved to package: androidx.hilt.lifecycle.viewmodel.compose.
w: file:///home/anshul/1%20-%20Work./Projects-Big-Three/File/Kosmos/app/src/main/java/com/example/kosmos/features/tasks/presentation/redesign/TaskBoardScreen.kt:115:43 'val Icons.Filled.ArrowBack: ImageVector' is deprecated. Use the AutoMirrored version at Icons.AutoMirrored.Filled.ArrowBack.
w: file:///home/anshul/1%20-%20Work./Projects-Big-Three/File/Kosmos/app/src/main/java/com/example/kosmos/features/tasks/presentation/redesign/TaskBoardScreenWrapper.kt:52:36 'fun <reified VM : ViewModel> hiltViewModel(viewModelStoreOwner: ViewModelStoreOwner = ..., key: String? = ...): VM' is deprecated. Moved to package: androidx.hilt.lifecycle.viewmodel.compose.
w: file:///home/anshul/1%20-%20Work./Projects-Big-Three/File/Kosmos/app/src/main/java/com/example/kosmos/features/tasks/presentation/redesign/TaskBoardScreenWrapper.kt:53:42 'fun <reified VM : ViewModel> hiltViewModel(viewModelStoreOwner: ViewModelStoreOwner = ..., key: String? = ...): VM' is deprecated. Moved to package: androidx.hilt.lifecycle.viewmodel.compose.
w: file:///home/anshul/1%20-%20Work./Projects-Big-Three/File/Kosmos/app/src/main/java/com/example/kosmos/features/tasks/presentation/redesign/TaskBoardScreenWrapper.kt:54:36 'fun <reified VM : ViewModel> hiltViewModel(viewModelStoreOwner: ViewModelStoreOwner = ..., key: String? = ...): VM' is deprecated. Moved to package: androidx.hilt.lifecycle.viewmodel.compose.
w: file:///home/anshul/1%20-%20Work./Projects-Big-Three/File/Kosmos/app/src/main/java/com/example/kosmos/features/tasks/presentation/redesign/TaskDetailScreenReact.kt:246:49 'val Icons.Filled.ArrowBack: ImageVector' is deprecated. Use the AutoMirrored version at Icons.AutoMirrored.Filled.ArrowBack.
w: file:///home/anshul/1%20-%20Work./Projects-Big-Three/File/Kosmos/app/src/main/java/com/example/kosmos/features/tasks/presentation/redesign/TaskDetailScreenReact.kt:283:5 'fun Divider(modifier: Modifier = ..., thickness: Dp = ..., color: Color = ...): Unit' is deprecated. Renamed to HorizontalDivider.
w: file:///home/anshul/1%20-%20Work./Projects-Big-Three/File/Kosmos/app/src/main/java/com/example/kosmos/features/tasks/presentation/redesign/TaskDetailScreenReact.kt:772:49 'val Icons.Filled.Message: ImageVector' is deprecated. Use the AutoMirrored version at Icons.AutoMirrored.Filled.Message.
w: file:///home/anshul/1%20-%20Work./Projects-Big-Three/File/Kosmos/app/src/main/java/com/example/kosmos/features/tasks/presentation/redesign/TaskDetailScreenReactWrapper.kt:42:38 'fun <reified VM : ViewModel> hiltViewModel(viewModelStoreOwner: ViewModelStoreOwner = ..., key: String? = ...): VM' is deprecated. Moved to package: androidx.hilt.lifecycle.viewmodel.compose.
w: file:///home/anshul/1%20-%20Work./Projects-Big-Three/File/Kosmos/app/src/main/java/com/example/kosmos/features/tasks/presentation/redesign/TaskDetailScreenReactWrapper.kt:43:44 'fun <reified VM : ViewModel> hiltViewModel(viewModelStoreOwner: ViewModelStoreOwner = ..., key: String? = ...): VM' is deprecated. Moved to package: androidx.hilt.lifecycle.viewmodel.compose.
w: file:///home/anshul/1%20-%20Work./Projects-Big-Three/File/Kosmos/app/src/main/java/com/example/kosmos/features/tasks/presentation/redesign/TaskDetailScreenReactWrapper.kt:44:38 'fun <reified VM : ViewModel> hiltViewModel(viewModelStoreOwner: ViewModelStoreOwner = ..., key: String? = ...): VM' is deprecated. Moved to package: androidx.hilt.lifecycle.viewmodel.compose.
w: file:///home/anshul/1%20-%20Work./Projects-Big-Three/File/Kosmos/app/src/main/java/com/example/kosmos/features/tasks/presentation/redesign/TaskEditScreen.kt:565:37 'val outlinedButtonBorder: BorderStroke' is deprecated. Please use the version that takes an `enabled` param to get the `BorderStroke` with the correct opacity.
w: file:///home/anshul/1%20-%20Work./Projects-Big-Three/File/Kosmos/app/src/main/java/com/example/kosmos/features/tasks/presentation/redesign/TaskEditScreen.kt:610:37 'val outlinedButtonBorder: BorderStroke' is deprecated. Please use the version that takes an `enabled` param to get the `BorderStroke` with the correct opacity.
w: file:///home/anshul/1%20-%20Work./Projects-Big-Three/File/Kosmos/app/src/main/java/com/example/kosmos/features/tasks/presentation/redesign/TaskEditScreen.kt:655:37 'val outlinedButtonBorder: BorderStroke' is deprecated. Please use the version that takes an `enabled` param to get the `BorderStroke` with the correct opacity.
w: file:///home/anshul/1%20-%20Work./Projects-Big-Three/File/Kosmos/app/src/main/java/com/example/kosmos/features/tasks/presentation/redesign/TaskEditScreen.kt:713:37 'val outlinedButtonBorder: BorderStroke' is deprecated. Please use the version that takes an `enabled` param to get the `BorderStroke` with the correct opacity.
w: file:///home/anshul/1%20-%20Work./Projects-Big-Three/File/Kosmos/app/src/main/java/com/example/kosmos/features/tasks/presentation/redesign/TaskEditScreen.kt:950:37 'val outlinedButtonBorder: BorderStroke' is deprecated. Please use the version that takes an `enabled` param to get the `BorderStroke` with the correct opacity.
w: file:///home/anshul/1%20-%20Work./Projects-Big-Three/File/Kosmos/app/src/main/java/com/example/kosmos/features/tasks/presentation/redesign/TaskEditScreenReact.kt:277:53 'val Icons.Filled.ArrowBack: ImageVector' is deprecated. Use the AutoMirrored version at Icons.AutoMirrored.Filled.ArrowBack.
w: file:///home/anshul/1%20-%20Work./Projects-Big-Three/File/Kosmos/app/src/main/java/com/example/kosmos/features/tasks/presentation/redesign/TaskEditScreenReact.kt:321:5 'fun Divider(modifier: Modifier = ..., thickness: Dp = ..., color: Color = ...): Unit' is deprecated. Renamed to HorizontalDivider.
w: file:///home/anshul/1%20-%20Work./Projects-Big-Three/File/Kosmos/app/src/main/java/com/example/kosmos/features/tasks/presentation/redesign/TaskEditScreenReactWrapper.kt:39:38 'fun <reified VM : ViewModel> hiltViewModel(viewModelStoreOwner: ViewModelStoreOwner = ..., key: String? = ...): VM' is deprecated. Moved to package: androidx.hilt.lifecycle.viewmodel.compose.
w: file:///home/anshul/1%20-%20Work./Projects-Big-Three/File/Kosmos/app/src/main/java/com/example/kosmos/features/tasks/presentation/redesign/TaskEditScreenReactWrapper.kt:40:44 'fun <reified VM : ViewModel> hiltViewModel(viewModelStoreOwner: ViewModelStoreOwner = ..., key: String? = ...): VM' is deprecated. Moved to package: androidx.hilt.lifecycle.viewmodel.compose.
w: file:///home/anshul/1%20-%20Work./Projects-Big-Three/File/Kosmos/app/src/main/java/com/example/kosmos/features/tasks/presentation/redesign/TaskEditScreenReactWrapper.kt:41:38 'fun <reified VM : ViewModel> hiltViewModel(viewModelStoreOwner: ViewModelStoreOwner = ..., key: String? = ...): VM' is deprecated. Moved to package: androidx.hilt.lifecycle.viewmodel.compose.
w: file:///home/anshul/1%20-%20Work./Projects-Big-Three/File/Kosmos/app/src/main/java/com/example/kosmos/features/tasks/presentation/redesign/TaskEditScreenReactWrapper.kt:42:38 'fun <reified VM : ViewModel> hiltViewModel(viewModelStoreOwner: ViewModelStoreOwner = ..., key: String? = ...): VM' is deprecated. Moved to package: androidx.hilt.lifecycle.viewmodel.compose.
w: file:///home/anshul/1%20-%20Work./Projects-Big-Three/File/Kosmos/app/src/main/java/com/example/kosmos/features/tasks/presentation/redesign/TaskEditScreenWrapper.kt:23:36 'fun <reified VM : ViewModel> hiltViewModel(viewModelStoreOwner: ViewModelStoreOwner = ..., key: String? = ...): VM' is deprecated. Moved to package: androidx.hilt.lifecycle.viewmodel.compose.
w: file:///home/anshul/1%20-%20Work./Projects-Big-Three/File/Kosmos/app/src/main/java/com/example/kosmos/features/tasks/presentation/redesign/TaskManagementScreenWrapper.kt:32:38 'fun <reified VM : ViewModel> hiltViewModel(viewModelStoreOwner: ViewModelStoreOwner = ..., key: String? = ...): VM' is deprecated. Moved to package: androidx.hilt.lifecycle.viewmodel.compose.
w: file:///home/anshul/1%20-%20Work./Projects-Big-Three/File/Kosmos/app/src/main/java/com/example/kosmos/features/test/ReactScreensTestLauncher.kt:142:34 'val Icons.Filled.Assignment: ImageVector' is deprecated. Use the AutoMirrored version at Icons.AutoMirrored.Filled.Assignment.
w: file:///home/anshul/1%20-%20Work./Projects-Big-Three/File/Kosmos/app/src/main/java/com/example/kosmos/features/test/ReactScreensTestLauncher.kt:156:34 'val Icons.Filled.Chat: ImageVector' is deprecated. Use the AutoMirrored version at Icons.AutoMirrored.Filled.Chat.
w: file:///home/anshul/1%20-%20Work./Projects-Big-Three/File/Kosmos/app/src/main/java/com/example/kosmos/features/test/ReactScreensTestLauncher.kt:163:34 'val Icons.Filled.Message: ImageVector' is deprecated. Use the AutoMirrored version at Icons.AutoMirrored.Filled.Message.
w: file:///home/anshul/1%20-%20Work./Projects-Big-Three/File/Kosmos/app/src/main/java/com/example/kosmos/features/users/presentation/InviteMembersScreen.kt:35:41 'fun <reified VM : ViewModel> hiltViewModel(viewModelStoreOwner: ViewModelStoreOwner = ..., key: String? = ...): VM' is deprecated. Moved to package: androidx.hilt.lifecycle.viewmodel.compose.
w: file:///home/anshul/1%20-%20Work./Projects-Big-Three/File/Kosmos/app/src/main/java/com/example/kosmos/features/users/presentation/InviteMembersViewModel.kt:44:14 This declaration is in a preview state and can be changed in a backwards-incompatible manner with a best-effort migration. Its usage should be marked with '@kotlinx.coroutines.FlowPreview' or '@OptIn(kotlinx.coroutines.FlowPreview::class)' if you accept the drawback of relying on preview API
w: file:///home/anshul/1%20-%20Work./Projects-Big-Three/File/Kosmos/app/src/main/java/com/example/kosmos/features/users/presentation/UserProfileScreen.kt:40:39 'fun <reified VM : ViewModel> hiltViewModel(viewModelStoreOwner: ViewModelStoreOwner = ..., key: String? = ...): VM' is deprecated. Moved to package: androidx.hilt.lifecycle.viewmodel.compose.
w: file:///home/anshul/1%20-%20Work./Projects-Big-Three/File/Kosmos/app/src/main/java/com/example/kosmos/features/users/presentation/UserSearchScreen.kt:29:38 'fun <reified VM : ViewModel> hiltViewModel(viewModelStoreOwner: ViewModelStoreOwner = ..., key: String? = ...): VM' is deprecated. Moved to package: androidx.hilt.lifecycle.viewmodel.compose.
w: file:///home/anshul/1%20-%20Work./Projects-Big-Three/File/Kosmos/app/src/main/java/com/example/kosmos/features/users/presentation/components/AddToProjectDialog.kt:36:5 'fun AlertDialog(onDismissRequest: () -> Unit, modifier: Modifier = ..., properties: DialogProperties = ..., content: ComposableFunction0<Unit>): Unit' is deprecated. Use BasicAlertDialog instead.
w: file:///home/anshul/1%20-%20Work./Projects-Big-Three/File/Kosmos/app/src/main/java/com/example/kosmos/features/users/presentation/redesign/InviteMembersScreenWrapper.kt:23:41 'fun <reified VM : ViewModel> hiltViewModel(viewModelStoreOwner: ViewModelStoreOwner = ..., key: String? = ...): VM' is deprecated. Moved to package: androidx.hilt.lifecycle.viewmodel.compose.
w: file:///home/anshul/1%20-%20Work./Projects-Big-Three/File/Kosmos/app/src/main/java/com/example/kosmos/features/users/presentation/redesign/UserProfileScreenWrapper.kt:25:39 'fun <reified VM : ViewModel> hiltViewModel(viewModelStoreOwner: ViewModelStoreOwner = ..., key: String? = ...): VM' is deprecated. Moved to package: androidx.hilt.lifecycle.viewmodel.compose.
w: file:///home/anshul/1%20-%20Work./Projects-Big-Three/File/Kosmos/app/src/main/java/com/example/kosmos/features/users/presentation/redesign/UserSearchScreenWrapper.kt:22:38 'fun <reified VM : ViewModel> hiltViewModel(viewModelStoreOwner: ViewModelStoreOwner = ..., key: String? = ...): VM' is deprecated. Moved to package: androidx.hilt.lifecycle.viewmodel.compose.
w: file:///home/anshul/1%20-%20Work./Projects-Big-Three/File/Kosmos/app/src/main/java/com/example/kosmos/shared/ui/components/Dialogs.kt:570:5 'fun AlertDialog(onDismissRequest: () -> Unit, modifier: Modifier = ..., properties: DialogProperties = ..., content: ComposableFunction0<Unit>): Unit' is deprecated. Use BasicAlertDialog instead.
w: file:///home/anshul/1%20-%20Work./Projects-Big-Three/File/Kosmos/app/src/main/java/com/example/kosmos/shared/ui/designsystem/IconSet.kt:28:34 'val Icons.Filled.Chat: ImageVector' is deprecated. Use the AutoMirrored version at Icons.AutoMirrored.Filled.Chat.
w: file:///home/anshul/1%20-%20Work./Projects-Big-Three/File/Kosmos/app/src/main/java/com/example/kosmos/shared/ui/designsystem/IconSet.kt:29:44 'val Icons.Outlined.Chat: ImageVector' is deprecated. Use the AutoMirrored version at Icons.AutoMirrored.Outlined.Chat.
w: file:///home/anshul/1%20-%20Work./Projects-Big-Three/File/Kosmos/app/src/main/java/com/example/kosmos/shared/ui/designsystem/IconSet.kt:64:33 'val Icons.Filled.Sort: ImageVector' is deprecated. Use the AutoMirrored version at Icons.AutoMirrored.Filled.Sort.
w: file:///home/anshul/1%20-%20Work./Projects-Big-Three/File/Kosmos/app/src/main/java/com/example/kosmos/shared/ui/designsystem/IconSet.kt:81:43 'val Icons.Outlined.Send: ImageVector' is deprecated. Use the AutoMirrored version at Icons.AutoMirrored.Outlined.Send.
w: file:///home/anshul/1%20-%20Work./Projects-Big-Three/File/Kosmos/app/src/main/java/com/example/kosmos/shared/ui/designsystem/IconSet.kt:82:36 'val Icons.Filled.Message: ImageVector' is deprecated. Use the AutoMirrored version at Icons.AutoMirrored.Filled.Message.
w: file:///home/anshul/1%20-%20Work./Projects-Big-Three/File/Kosmos/app/src/main/java/com/example/kosmos/shared/ui/designsystem/IconSet.kt:83:46 'val Icons.Outlined.Message: ImageVector' is deprecated. Use the AutoMirrored version at Icons.AutoMirrored.Outlined.Message.
w: file:///home/anshul/1%20-%20Work./Projects-Big-Three/File/Kosmos/app/src/main/java/com/example/kosmos/shared/ui/designsystem/IconSet.kt:84:33 'val Icons.Filled.Chat: ImageVector' is deprecated. Use the AutoMirrored version at Icons.AutoMirrored.Filled.Chat.
w: file:///home/anshul/1%20-%20Work./Projects-Big-Three/File/Kosmos/app/src/main/java/com/example/kosmos/shared/ui/designsystem/IconSet.kt:85:43 'val Icons.Outlined.Chat: ImageVector' is deprecated. Use the AutoMirrored version at Icons.AutoMirrored.Outlined.Chat.
w: file:///home/anshul/1%20-%20Work./Projects-Big-Three/File/Kosmos/app/src/main/java/com/example/kosmos/shared/ui/designsystem/IconSet.kt:117:39 'val Icons.Filled.Assignment: ImageVector' is deprecated. Use the AutoMirrored version at Icons.AutoMirrored.Filled.Assignment.
w: file:///home/anshul/1%20-%20Work./Projects-Big-Three/File/Kosmos/app/src/main/java/com/example/kosmos/shared/ui/designsystem/IconSet.kt:118:49 'val Icons.Outlined.Assignment: ImageVector' is deprecated. Use the AutoMirrored version at Icons.AutoMirrored.Outlined.Assignment.
w: file:///home/anshul/1%20-%20Work./Projects-Big-Three/File/Kosmos/app/src/main/java/com/example/kosmos/shared/ui/designsystem/IconSet.kt:120:33 'val Icons.Filled.List: ImageVector' is deprecated. Use the AutoMirrored version at Icons.AutoMirrored.Filled.List.
w: file:///home/anshul/1%20-%20Work./Projects-Big-Three/File/Kosmos/app/src/main/java/com/example/kosmos/shared/ui/designsystem/IconSet.kt:194:33 'val Icons.Filled.Help: ImageVector' is deprecated. Use the AutoMirrored version at Icons.AutoMirrored.Filled.Help.
w: file:///home/anshul/1%20-%20Work./Projects-Big-Three/File/Kosmos/app/src/main/java/com/example/kosmos/shared/ui/designsystem/IconSet.kt:195:43 'val Icons.Outlined.Help: ImageVector' is deprecated. Use the AutoMirrored version at Icons.AutoMirrored.Outlined.Help.
w: file:///home/anshul/1%20-%20Work./Projects-Big-Three/File/Kosmos/app/src/main/java/com/example/kosmos/shared/ui/designsystem/IconSet.kt:215:34 'val Icons.Filled.Label: ImageVector' is deprecated. Use the AutoMirrored version at Icons.AutoMirrored.Filled.Label.
w: file:///home/anshul/1%20-%20Work./Projects-Big-Three/File/Kosmos/app/src/main/java/com/example/kosmos/shared/ui/designsystem/IconSet.kt:216:44 'val Icons.Outlined.Label: ImageVector' is deprecated. Use the AutoMirrored version at Icons.AutoMirrored.Outlined.Label.
w: file:///home/anshul/1%20-%20Work./Projects-Big-Three/File/Kosmos/app/src/main/java/com/example/kosmos/shared/ui/designsystem/IconSet.kt:224:33 'val Icons.Filled.InsertDriveFile: ImageVector' is deprecated. Use the AutoMirrored version at Icons.AutoMirrored.Filled.InsertDriveFile.
w: file:///home/anshul/1%20-%20Work./Projects-Big-Three/File/Kosmos/app/src/main/java/com/example/kosmos/shared/ui/designsystem/IconSet.kt:225:43 'val Icons.Outlined.InsertDriveFile: ImageVector' is deprecated. Use the AutoMirrored version at Icons.AutoMirrored.Outlined.InsertDriveFile.
w: file:///home/anshul/1%20-%20Work./Projects-Big-Three/File/Kosmos/app/src/main/java/com/example/kosmos/shared/ui/designsystem/IconSet.kt:297:37 'val Icons.Filled.VolumeUp: ImageVector' is deprecated. Use the AutoMirrored version at Icons.AutoMirrored.Filled.VolumeUp.
w: file:///home/anshul/1%20-%20Work./Projects-Big-Three/File/Kosmos/app/src/main/java/com/example/kosmos/shared/ui/designsystem/IconSet.kt:298:39 'val Icons.Filled.VolumeDown: ImageVector' is deprecated. Use the AutoMirrored version at Icons.AutoMirrored.Filled.VolumeDown.
w: file:///home/anshul/1%20-%20Work./Projects-Big-Three/File/Kosmos/app/src/main/java/com/example/kosmos/shared/ui/designsystem/IconSet.kt:299:38 'val Icons.Filled.VolumeOff: ImageVector' is deprecated. Use the AutoMirrored version at Icons.AutoMirrored.Filled.VolumeOff.
w: file:///home/anshul/1%20-%20Work./Projects-Big-Three/File/Kosmos/app/src/main/java/com/example/kosmos/shared/ui/designsystem/IconSet.kt:322:33 'val Icons.Filled.KeyboardArrowLeft: ImageVector' is deprecated. Use the AutoMirrored version at Icons.AutoMirrored.Filled.KeyboardArrowLeft.
w: file:///home/anshul/1%20-%20Work./Projects-Big-Three/File/Kosmos/app/src/main/java/com/example/kosmos/shared/ui/designsystem/IconSet.kt:323:34 'val Icons.Filled.KeyboardArrowRight: ImageVector' is deprecated. Use the AutoMirrored version at Icons.AutoMirrored.Filled.KeyboardArrowRight.
w: file:///home/anshul/1%20-%20Work./Projects-Big-Three/File/Kosmos/app/src/main/java/com/example/kosmos/shared/ui/layouts/ScreenScaffold.kt:518:17 'fun TabRow(selectedTabIndex: Int, modifier: Modifier = ..., containerColor: Color = ..., contentColor: Color = ..., indicator: ComposableFunction1<List<TabPosition>, Unit> = ..., divider: ComposableFunction0<Unit> = ..., tabs: ComposableFunction0<Unit>): Unit' is deprecated. Replaced with PrimaryTabRow and SecondaryTabRow.
w: file:///home/anshul/1%20-%20Work./Projects-Big-Three/File/Kosmos/app/src/main/java/com/example/kosmos/shared/ui/theme/Theme.kt:173:20 'var statusBarColor: Int' is deprecated. Deprecated in Java.

> Task :app:compileDebugJavaWithJavac
> Task :app:hiltAggregateDepsDebug UP-TO-DATE
> Task :app:hiltJavaCompileDebug
> Task :app:processDebugJavaRes UP-TO-DATE
> Task :app:mergeDebugJavaResource UP-TO-DATE
> Task :app:transformDebugClassesWithAsm
> Task :app:dexBuilderDebug
> Task :app:mergeProjectDexDebug
> Task :app:packageDebug
> Task :app:createDebugApkListingFileRedirect
> Task :app:assembleDebug

BUILD SUCCESSFUL in 1m
42 actionable tasks: 9 executed, 4 from cache, 29 up-to-date
