> Task :app:checkKotlinGradlePluginConfigurationErrors SKIPPED
> Task :app:preBuild UP-TO-DATE
> Task :app:preDebugBuild UP-TO-DATE
> Task :app:generateDebugBuildConfig UP-TO-DATE
> Task :app:checkDebugAarMetadata UP-TO-DATE
> Task :app:processDebugNavigationResources UP-TO-DATE
> Task :app:compileDebugNavigationResources UP-TO-DATE
> Task :app:generateDebugResValues UP-TO-DATE
> Task :app:mapDebugSourceSetPaths UP-TO-DATE
> Task :app:generateDebugResources UP-TO-DATE
> Task :app:mergeDebugResources UP-TO-DATE
> Task :app:packageDebugResources UP-TO-DATE
> Task :app:parseDebugLocalResources UP-TO-DATE
> Task :app:createDebugCompatibleScreenManifests UP-TO-DATE
> Task :app:extractDeepLinksDebug UP-TO-DATE
> Task :app:processDebugMainManifest FROM-CACHE
> Task :app:processDebugManifest FROM-CACHE
> Task :app:processDebugManifestForPackage FROM-CACHE
> Task :app:processDebugResources FROM-CACHE
> Task :app:kspDebugKotlin

> Task :app:compileDebugKotlin FAILED
e: file:///home/anshul/WORK/DEVELOPEMENT/ANDROID-DEV/Projects/Kosmos/app/src/main/java/com/example/kosmos/features/tasks/presentation/TaskDetailViewModel.kt:734:20 Argument type mismatch: actual type is 'String', but 'User' was expected.
e: file:///home/anshul/WORK/DEVELOPEMENT/ANDROID-DEV/Projects/Kosmos/app/src/main/java/com/example/kosmos/features/tasks/presentation/redesign/TaskManagementScreenWrapper.kt:62:9 No parameter with name 'showCommitDialog' found.
e: file:///home/anshul/WORK/DEVELOPEMENT/ANDROID-DEV/Projects/Kosmos/app/src/main/java/com/example/kosmos/features/tasks/presentation/redesign/TaskManagementScreenWrapper.kt:63:9 No parameter with name 'pendingChanges' found.
e: file:///home/anshul/WORK/DEVELOPEMENT/ANDROID-DEV/Projects/Kosmos/app/src/main/java/com/example/kosmos/features/tasks/presentation/redesign/TaskManagementScreenWrapper.kt:64:9 No parameter with name 'onCommitConfirm' found.
e: file:///home/anshul/WORK/DEVELOPEMENT/ANDROID-DEV/Projects/Kosmos/app/src/main/java/com/example/kosmos/features/tasks/presentation/redesign/TaskManagementScreenWrapper.kt:65:9 No parameter with name 'onCommitDismiss' found.
e: file:///home/anshul/WORK/DEVELOPEMENT/ANDROID-DEV/Projects/Kosmos/app/src/main/java/com/example/kosmos/features/tasks/presentation/redesign/TaskManagementScreenWrapper.kt:66:9 No parameter with name 'onDontAskAgain' found.

FAILURE: Build failed with an exception.

* What went wrong:
Execution failed for task ':app:compileDebugKotlin'.
> A failure occurred while executing org.jetbrains.kotlin.compilerRunner.GradleCompilerRunnerWithWorkers$GradleKotlinCompilerWorkAction
   > Compilation error. See log for more details

* Try:
> Run with --stacktrace option to get the stack trace.
> Run with --info or --debug option to get more log output.
> Run with --scan to get full insights.
> Get more help at https://help.gradle.org.

BUILD FAILED in 35s
18 actionable tasks: 2 executed, 4 from cache, 12 up-to-date
