> Task :app:preBuild UP-TO-DATE
> Task :app:preDebugBuild UP-TO-DATE
> Task :app:mergeDebugNativeDebugMetadata NO-SOURCE
> Task :app:checkKotlinGradlePluginConfigurationErrors SKIPPED
> Task :app:generateDebugBuildConfig UP-TO-DATE
> Task :app:checkDebugAarMetadata UP-TO-DATE
> Task :app:processDebugNavigationResources UP-TO-DATE
> Task :app:compileDebugNavigationResources UP-TO-DATE
> Task :app:generateDebugResValues UP-TO-DATE
> Task :app:mapDebugSourceSetPaths UP-TO-DATE
> Task :app:generateDebugResources UP-TO-DATE
> Task :app:mergeDebugResources UP-TO-DATE
> Task :app:packageDebugResources UP-TO-DATE
> Task :app:parseDebugLocalResources UP-TO-DATE
> Task :app:createDebugCompatibleScreenManifests UP-TO-DATE
> Task :app:extractDeepLinksDebug UP-TO-DATE
> Task :app:processDebugMainManifest FROM-CACHE
> Task :app:processDebugManifest FROM-CACHE
> Task :app:processDebugManifestForPackage FROM-CACHE
> Task :app:processDebugResources FROM-CACHE
> Task :app:javaPreCompileDebug UP-TO-DATE
> Task :app:mergeDebugShaders UP-TO-DATE
> Task :app:compileDebugShaders NO-SOURCE
> Task :app:generateDebugAssets UP-TO-DATE
> Task :app:mergeDebugAssets UP-TO-DATE
> Task :app:compressDebugAssets UP-TO-DATE
> Task :app:checkDebugDuplicateClasses UP-TO-DATE
> Task :app:desugarDebugFileDependencies UP-TO-DATE
> Task :app:mergeExtDexDebug UP-TO-DATE
> Task :app:mergeLibDexDebug UP-TO-DATE
> Task :app:mergeDebugJniLibFolders UP-TO-DATE
> Task :app:mergeDebugNativeLibs UP-TO-DATE
> Task :app:stripDebugDebugSymbols UP-TO-DATE
> Task :app:validateSigningDebug UP-TO-DATE
> Task :app:writeDebugAppMetadata UP-TO-DATE
> Task :app:writeDebugSigningConfigVersions UP-TO-DATE
> Task :app:kspDebugKotlin

> Task :app:compileDebugKotlin FAILED
e: file:///home/anshul/WORK/DEVELOPEMENT/ANDROID-DEV/Projects/Kosmos/app/src/main/java/com/example/kosmos/features/projects/presentation/redesign/ProjectWorkspaceScreen.kt:76:38 Unresolved reference 'Actions'.
e: file:///home/anshul/WORK/DEVELOPEMENT/ANDROID-DEV/Projects/Kosmos/app/src/main/java/com/example/kosmos/features/projects/presentation/redesign/ProjectWorkspaceScreen.kt:125:80 Unresolved reference 'ChatListScreenWrapper'.
e: file:///home/anshul/WORK/DEVELOPEMENT/ANDROID-DEV/Projects/Kosmos/app/src/main/java/com/example/kosmos/features/projects/presentation/redesign/ProjectWorkspaceScreen.kt:135:29 No parameter with name 'projectId' found.
e: file:///home/anshul/WORK/DEVELOPEMENT/ANDROID-DEV/Projects/Kosmos/app/src/main/java/com/example/kosmos/features/projects/presentation/redesign/ProjectWorkspaceScreen.kt:137:29 No parameter with name 'onBack' found.
e: file:///home/anshul/WORK/DEVELOPEMENT/ANDROID-DEV/Projects/Kosmos/app/src/main/java/com/example/kosmos/features/projects/presentation/redesign/ProjectWorkspaceScreen.kt:137:29 No value passed for parameter 'onBackClick'.
e: file:///home/anshul/WORK/DEVELOPEMENT/ANDROID-DEV/Projects/Kosmos/app/src/main/java/com/example/kosmos/features/projects/presentation/redesign/ProjectWorkspaceScreen.kt:145:29 No parameter with name 'onBack' found.
e: file:///home/anshul/WORK/DEVELOPEMENT/ANDROID-DEV/Projects/Kosmos/app/src/main/java/com/example/kosmos/features/projects/presentation/redesign/ProjectWorkspaceScreen.kt:145:29 No value passed for parameter 'onBackClick'.
e: file:///home/anshul/WORK/DEVELOPEMENT/ANDROID-DEV/Projects/Kosmos/app/src/main/java/com/example/kosmos/features/projects/presentation/redesign/ProjectWorkspaceScreen.kt:145:29 No value passed for parameter 'onUserClick'.
e: file:///home/anshul/WORK/DEVELOPEMENT/ANDROID-DEV/Projects/Kosmos/app/src/main/java/com/example/kosmos/features/projects/presentation/redesign/ProjectWorkspaceScreen.kt:145:29 No value passed for parameter 'onAddMembersClick'.
e: file:///home/anshul/WORK/DEVELOPEMENT/ANDROID-DEV/Projects/Kosmos/app/src/main/java/com/example/kosmos/features/projects/presentation/redesign/ProjectWorkspaceScreen.kt:196:34 Unresolved reference 'Features'.
e: file:///home/anshul/WORK/DEVELOPEMENT/ANDROID-DEV/Projects/Kosmos/app/src/main/java/com/example/kosmos/features/projects/presentation/redesign/ProjectWorkspaceScreen.kt:213:34 Unresolved reference 'Features'.
e: file:///home/anshul/WORK/DEVELOPEMENT/ANDROID-DEV/Projects/Kosmos/app/src/main/java/com/example/kosmos/features/projects/presentation/redesign/ProjectWorkspaceScreen.kt:230:34 Unresolved reference 'Features'.
e: file:///home/anshul/WORK/DEVELOPEMENT/ANDROID-DEV/Projects/Kosmos/app/src/main/java/com/example/kosmos/features/projects/presentation/redesign/ProjectWorkspaceScreen.kt:239:46 Unresolved reference 'history'.
e: file:///home/anshul/WORK/DEVELOPEMENT/ANDROID-DEV/Projects/Kosmos/app/src/main/java/com/example/kosmos/features/projects/presentation/redesign/ProjectWorkspaceScreen.kt:263:36 Unresolved reference 'history'.

FAILURE: Build failed with an exception.

* What went wrong:
Execution failed for task ':app:compileDebugKotlin'.
> A failure occurred while executing org.jetbrains.kotlin.compilerRunner.GradleCompilerRunnerWithWorkers$GradleKotlinCompilerWorkAction
   > Compilation error. See log for more details

* Try:
> Run with --stacktrace option to get the stack trace.
> Run with --info or --debug option to get more log output.
> Run with --scan to get full insights.
> Get more help at https://help.gradle.org.

BUILD FAILED in 11s
32 actionable tasks: 2 executed, 4 from cache, 26 up-to-date
> Task :app:preBuild UP-TO-DATE
> Task :app:preDebugBuild UP-TO-DATE
> Task :app:mergeDebugNativeDebugMetadata NO-SOURCE
> Task :app:checkKotlinGradlePluginConfigurationErrors SKIPPED
> Task :app:generateDebugBuildConfig UP-TO-DATE
> Task :app:checkDebugAarMetadata UP-TO-DATE
> Task :app:processDebugNavigationResources UP-TO-DATE
> Task :app:compileDebugNavigationResources UP-TO-DATE
> Task :app:generateDebugResValues UP-TO-DATE
> Task :app:mapDebugSourceSetPaths UP-TO-DATE
> Task :app:generateDebugResources UP-TO-DATE
> Task :app:mergeDebugResources UP-TO-DATE
> Task :app:packageDebugResources UP-TO-DATE
> Task :app:parseDebugLocalResources UP-TO-DATE
> Task :app:createDebugCompatibleScreenManifests UP-TO-DATE
> Task :app:extractDeepLinksDebug UP-TO-DATE
> Task :app:processDebugMainManifest UP-TO-DATE
> Task :app:processDebugManifest UP-TO-DATE
> Task :app:processDebugManifestForPackage UP-TO-DATE
> Task :app:processDebugResources UP-TO-DATE
> Task :app:javaPreCompileDebug UP-TO-DATE
> Task :app:mergeDebugShaders UP-TO-DATE
> Task :app:compileDebugShaders NO-SOURCE
> Task :app:generateDebugAssets UP-TO-DATE
> Task :app:mergeDebugAssets UP-TO-DATE
> Task :app:compressDebugAssets UP-TO-DATE
> Task :app:checkDebugDuplicateClasses UP-TO-DATE
> Task :app:desugarDebugFileDependencies UP-TO-DATE
> Task :app:mergeExtDexDebug UP-TO-DATE
> Task :app:mergeLibDexDebug UP-TO-DATE
> Task :app:mergeDebugJniLibFolders UP-TO-DATE
> Task :app:mergeDebugNativeLibs UP-TO-DATE
> Task :app:stripDebugDebugSymbols UP-TO-DATE
> Task :app:validateSigningDebug UP-TO-DATE
> Task :app:writeDebugAppMetadata UP-TO-DATE
> Task :app:writeDebugSigningConfigVersions UP-TO-DATE
> Task :app:kspDebugKotlin

> Task :app:compileDebugKotlin
w: file:///home/anshul/WORK/DEVELOPEMENT/ANDROID-DEV/Projects/Kosmos/app/src/main/java/com/example/kosmos/MainActivity.kt:79:36 'fun <reified VM : ViewModel> hiltViewModel(viewModelStoreOwner: ViewModelStoreOwner = ..., key: String? = ...): VM' is deprecated. Moved to package: androidx.hilt.lifecycle.viewmodel.compose.
w: file:///home/anshul/WORK/DEVELOPEMENT/ANDROID-DEV/Projects/Kosmos/app/src/main/java/com/example/kosmos/MainActivity.kt:376:57 'val Icons.Filled.ArrowBack: ImageVector' is deprecated. Use the AutoMirrored version at Icons.AutoMirrored.Filled.ArrowBack.
w: file:///home/anshul/WORK/DEVELOPEMENT/ANDROID-DEV/Projects/Kosmos/app/src/main/java/com/example/kosmos/MainActivity.kt:515:48 'val Icons.Filled.ExitToApp: ImageVector' is deprecated. Use the AutoMirrored version at Icons.AutoMirrored.Filled.ExitToApp.
w: file:///home/anshul/WORK/DEVELOPEMENT/ANDROID-DEV/Projects/Kosmos/app/src/main/java/com/example/kosmos/Module.kt:59:10 'fun fallbackToDestructiveMigration(): RoomDatabase.Builder<KosmosDatabase>' is deprecated. Replace by overloaded version with parameter to indicate if all tables should be dropped or not.
w: file:///home/anshul/WORK/DEVELOPEMENT/ANDROID-DEV/Projects/Kosmos/app/src/main/java/com/example/kosmos/features/chat/presentation/ChatOptionsBottomSheet.kt:70:13 'fun Divider(modifier: Modifier = ..., thickness: Dp = ..., color: Color = ...): Unit' is deprecated. Renamed to HorizontalDivider.
w: file:///home/anshul/WORK/DEVELOPEMENT/ANDROID-DEV/Projects/Kosmos/app/src/main/java/com/example/kosmos/features/chat/presentation/ChatOptionsBottomSheet.kt:83:13 'fun Divider(modifier: Modifier = ..., thickness: Dp = ..., color: Color = ...): Unit' is deprecated. Renamed to HorizontalDivider.
w: file:///home/anshul/WORK/DEVELOPEMENT/ANDROID-DEV/Projects/Kosmos/app/src/main/java/com/example/kosmos/features/chat/presentation/ChatViewModel.kt:36:5 This annotation is currently applied to the value parameter only, but in the future it will also be applied to field.
- To opt in to applying to both value parameter and field, add '-Xannotation-default-target=param-property' to your compiler arguments.
- To keep applying to the value parameter only, use the '@param:' annotation target.

See https://youtrack.jetbrains.com/issue/KT-73255 for more details.
w: file:///home/anshul/WORK/DEVELOPEMENT/ANDROID-DEV/Projects/Kosmos/app/src/main/java/com/example/kosmos/features/chat/presentation/redesign/EnhancedChatListScreenWrapper.kt:32:36 'fun <reified VM : ViewModel> hiltViewModel(viewModelStoreOwner: ViewModelStoreOwner = ..., key: String? = ...): VM' is deprecated. Moved to package: androidx.hilt.lifecycle.viewmodel.compose.
w: file:///home/anshul/WORK/DEVELOPEMENT/ANDROID-DEV/Projects/Kosmos/app/src/main/java/com/example/kosmos/features/chat/presentation/redesign/EnhancedChatScreenWrapper.kt:20:32 'fun <reified VM : ViewModel> hiltViewModel(viewModelStoreOwner: ViewModelStoreOwner = ..., key: String? = ...): VM' is deprecated. Moved to package: androidx.hilt.lifecycle.viewmodel.compose.
w: file:///home/anshul/WORK/DEVELOPEMENT/ANDROID-DEV/Projects/Kosmos/app/src/main/java/com/example/kosmos/features/profile/presentation/EditProfileScreen.kt:41:32 'fun <reified VM : ViewModel> hiltViewModel(viewModelStoreOwner: ViewModelStoreOwner = ..., key: String? = ...): VM' is deprecated. Moved to package: androidx.hilt.lifecycle.viewmodel.compose.
w: file:///home/anshul/WORK/DEVELOPEMENT/ANDROID-DEV/Projects/Kosmos/app/src/main/java/com/example/kosmos/features/profile/presentation/NotificationSettingsScreen.kt:25:48 'fun <reified VM : ViewModel> hiltViewModel(viewModelStoreOwner: ViewModelStoreOwner = ..., key: String? = ...): VM' is deprecated. Moved to package: androidx.hilt.lifecycle.viewmodel.compose.
w: file:///home/anshul/WORK/DEVELOPEMENT/ANDROID-DEV/Projects/Kosmos/app/src/main/java/com/example/kosmos/features/profile/presentation/NotificationSettingsScreen.kt:39:44 'val Icons.Filled.ArrowBack: ImageVector' is deprecated. Use the AutoMirrored version at Icons.AutoMirrored.Filled.ArrowBack.
w: file:///home/anshul/WORK/DEVELOPEMENT/ANDROID-DEV/Projects/Kosmos/app/src/main/java/com/example/kosmos/features/profile/presentation/NotificationSettingsScreen.kt:109:42 'val Icons.Filled.Message: ImageVector' is deprecated. Use the AutoMirrored version at Icons.AutoMirrored.Filled.Message.
w: file:///home/anshul/WORK/DEVELOPEMENT/ANDROID-DEV/Projects/Kosmos/app/src/main/java/com/example/kosmos/features/profile/presentation/NotificationSettingsScreen.kt:118:42 'val Icons.Filled.Assignment: ImageVector' is deprecated. Use the AutoMirrored version at Icons.AutoMirrored.Filled.Assignment.
w: file:///home/anshul/WORK/DEVELOPEMENT/ANDROID-DEV/Projects/Kosmos/app/src/main/java/com/example/kosmos/features/profile/presentation/NotificationSettingsScreen.kt:203:42 'val Icons.Filled.VolumeUp: ImageVector' is deprecated. Use the AutoMirrored version at Icons.AutoMirrored.Filled.VolumeUp.
w: file:///home/anshul/WORK/DEVELOPEMENT/ANDROID-DEV/Projects/Kosmos/app/src/main/java/com/example/kosmos/features/profile/presentation/NotificationSettingsScreen.kt:310:51 'val Icons.Filled.ArrowForward: ImageVector' is deprecated. Use the AutoMirrored version at Icons.AutoMirrored.Filled.ArrowForward.
w: file:///home/anshul/WORK/DEVELOPEMENT/ANDROID-DEV/Projects/Kosmos/app/src/main/java/com/example/kosmos/features/profile/presentation/NotificationSettingsViewModel.kt:22:5 This annotation is currently applied to the value parameter only, but in the future it will also be applied to field.
- To opt in to applying to both value parameter and field, add '-Xannotation-default-target=param-property' to your compiler arguments.
- To keep applying to the value parameter only, use the '@param:' annotation target.

See https://youtrack.jetbrains.com/issue/KT-73255 for more details.
w: file:///home/anshul/WORK/DEVELOPEMENT/ANDROID-DEV/Projects/Kosmos/app/src/main/java/com/example/kosmos/features/profile/presentation/PrivacySettingsScreen.kt:30:43 'fun <reified VM : ViewModel> hiltViewModel(viewModelStoreOwner: ViewModelStoreOwner = ..., key: String? = ...): VM' is deprecated. Moved to package: androidx.hilt.lifecycle.viewmodel.compose.
w: file:///home/anshul/WORK/DEVELOPEMENT/ANDROID-DEV/Projects/Kosmos/app/src/main/java/com/example/kosmos/features/profile/presentation/PrivacySettingsViewModel.kt:22:5 This annotation is currently applied to the value parameter only, but in the future it will also be applied to field.
- To opt in to applying to both value parameter and field, add '-Xannotation-default-target=param-property' to your compiler arguments.
- To keep applying to the value parameter only, use the '@param:' annotation target.

See https://youtrack.jetbrains.com/issue/KT-73255 for more details.
w: file:///home/anshul/WORK/DEVELOPEMENT/ANDROID-DEV/Projects/Kosmos/app/src/main/java/com/example/kosmos/features/profile/presentation/ProfileScreen.kt:31:36 'fun <reified VM : ViewModel> hiltViewModel(viewModelStoreOwner: ViewModelStoreOwner = ..., key: String? = ...): VM' is deprecated. Moved to package: androidx.hilt.lifecycle.viewmodel.compose.
w: file:///home/anshul/WORK/DEVELOPEMENT/ANDROID-DEV/Projects/Kosmos/app/src/main/java/com/example/kosmos/features/projects/presentation/MembersListScreen.kt:35:39 'fun <reified VM : ViewModel> hiltViewModel(viewModelStoreOwner: ViewModelStoreOwner = ..., key: String? = ...): VM' is deprecated. Moved to package: androidx.hilt.lifecycle.viewmodel.compose.
w: file:///home/anshul/WORK/DEVELOPEMENT/ANDROID-DEV/Projects/Kosmos/app/src/main/java/com/example/kosmos/features/projects/presentation/MembersListScreen.kt:76:44 'val Icons.Filled.ArrowBack: ImageVector' is deprecated. Use the AutoMirrored version at Icons.AutoMirrored.Filled.ArrowBack.
w: file:///home/anshul/WORK/DEVELOPEMENT/ANDROID-DEV/Projects/Kosmos/app/src/main/java/com/example/kosmos/features/projects/presentation/redesign/ProjectDetailsScreenWrapper.kt:33:35 'fun <reified VM : ViewModel> hiltViewModel(viewModelStoreOwner: ViewModelStoreOwner = ..., key: String? = ...): VM' is deprecated. Moved to package: androidx.hilt.lifecycle.viewmodel.compose.
w: file:///home/anshul/WORK/DEVELOPEMENT/ANDROID-DEV/Projects/Kosmos/app/src/main/java/com/example/kosmos/features/projects/presentation/redesign/ProjectListScreenWrapper.kt:27:35 'fun <reified VM : ViewModel> hiltViewModel(viewModelStoreOwner: ViewModelStoreOwner = ..., key: String? = ...): VM' is deprecated. Moved to package: androidx.hilt.lifecycle.viewmodel.compose.
w: file:///home/anshul/WORK/DEVELOPEMENT/ANDROID-DEV/Projects/Kosmos/app/src/main/java/com/example/kosmos/features/projects/presentation/redesign/ProjectWorkspaceScreen.kt:46:35 'fun <reified VM : ViewModel> hiltViewModel(viewModelStoreOwner: ViewModelStoreOwner = ..., key: String? = ...): VM' is deprecated. Moved to package: androidx.hilt.lifecycle.viewmodel.compose.
w: file:///home/anshul/WORK/DEVELOPEMENT/ANDROID-DEV/Projects/Kosmos/app/src/main/java/com/example/kosmos/features/projects/presentation/redesign/ProjectWorkspaceScreen.kt:47:44 'fun <reified VM : ViewModel> hiltViewModel(viewModelStoreOwner: ViewModelStoreOwner = ..., key: String? = ...): VM' is deprecated. Moved to package: androidx.hilt.lifecycle.viewmodel.compose.
w: file:///home/anshul/WORK/DEVELOPEMENT/ANDROID-DEV/Projects/Kosmos/app/src/main/java/com/example/kosmos/features/tasks/presentation/TaskScreens.kt:39:36 'fun <reified VM : ViewModel> hiltViewModel(viewModelStoreOwner: ViewModelStoreOwner = ..., key: String? = ...): VM' is deprecated. Moved to package: androidx.hilt.lifecycle.viewmodel.compose.
w: file:///home/anshul/WORK/DEVELOPEMENT/ANDROID-DEV/Projects/Kosmos/app/src/main/java/com/example/kosmos/features/tasks/presentation/redesign/MyTasksScreenWrapper.kt:33:32 'fun <reified VM : ViewModel> hiltViewModel(viewModelStoreOwner: ViewModelStoreOwner = ..., key: String? = ...): VM' is deprecated. Moved to package: androidx.hilt.lifecycle.viewmodel.compose.
w: file:///home/anshul/WORK/DEVELOPEMENT/ANDROID-DEV/Projects/Kosmos/app/src/main/java/com/example/kosmos/features/tasks/presentation/redesign/MyTasksScreenWrapper.kt:34:91 'fun <reified VM : ViewModel> hiltViewModel(viewModelStoreOwner: ViewModelStoreOwner = ..., key: String? = ...): VM' is deprecated. Moved to package: androidx.hilt.lifecycle.viewmodel.compose.
w: file:///home/anshul/WORK/DEVELOPEMENT/ANDROID-DEV/Projects/Kosmos/app/src/main/java/com/example/kosmos/features/tasks/presentation/redesign/QuickTaskCreationSheetWrapper.kt:20:32 'fun <reified VM : ViewModel> hiltViewModel(viewModelStoreOwner: ViewModelStoreOwner = ..., key: String? = ...): VM' is deprecated. Moved to package: androidx.hilt.lifecycle.viewmodel.compose.
w: file:///home/anshul/WORK/DEVELOPEMENT/ANDROID-DEV/Projects/Kosmos/app/src/main/java/com/example/kosmos/features/tasks/presentation/redesign/QuickTaskCreationSheetWrapper.kt:21:91 'fun <reified VM : ViewModel> hiltViewModel(viewModelStoreOwner: ViewModelStoreOwner = ..., key: String? = ...): VM' is deprecated. Moved to package: androidx.hilt.lifecycle.viewmodel.compose.
w: file:///home/anshul/WORK/DEVELOPEMENT/ANDROID-DEV/Projects/Kosmos/app/src/main/java/com/example/kosmos/features/users/presentation/InviteMembersScreen.kt:35:41 'fun <reified VM : ViewModel> hiltViewModel(viewModelStoreOwner: ViewModelStoreOwner = ..., key: String? = ...): VM' is deprecated. Moved to package: androidx.hilt.lifecycle.viewmodel.compose.
w: file:///home/anshul/WORK/DEVELOPEMENT/ANDROID-DEV/Projects/Kosmos/app/src/main/java/com/example/kosmos/features/users/presentation/InviteMembersViewModel.kt:44:14 This declaration is in a preview state and can be changed in a backwards-incompatible manner with a best-effort migration. Its usage should be marked with '@kotlinx.coroutines.FlowPreview' or '@OptIn(kotlinx.coroutines.FlowPreview::class)' if you accept the drawback of relying on preview API
w: file:///home/anshul/WORK/DEVELOPEMENT/ANDROID-DEV/Projects/Kosmos/app/src/main/java/com/example/kosmos/features/users/presentation/UserProfileScreen.kt:40:39 'fun <reified VM : ViewModel> hiltViewModel(viewModelStoreOwner: ViewModelStoreOwner = ..., key: String? = ...): VM' is deprecated. Moved to package: androidx.hilt.lifecycle.viewmodel.compose.
w: file:///home/anshul/WORK/DEVELOPEMENT/ANDROID-DEV/Projects/Kosmos/app/src/main/java/com/example/kosmos/features/users/presentation/UserSearchScreen.kt:29:38 'fun <reified VM : ViewModel> hiltViewModel(viewModelStoreOwner: ViewModelStoreOwner = ..., key: String? = ...): VM' is deprecated. Moved to package: androidx.hilt.lifecycle.viewmodel.compose.
w: file:///home/anshul/WORK/DEVELOPEMENT/ANDROID-DEV/Projects/Kosmos/app/src/main/java/com/example/kosmos/features/users/presentation/components/AddToProjectDialog.kt:36:5 'fun AlertDialog(onDismissRequest: () -> Unit, modifier: Modifier = ..., properties: DialogProperties = ..., content: ComposableFunction0<Unit>): Unit' is deprecated. Use BasicAlertDialog instead.
w: file:///home/anshul/WORK/DEVELOPEMENT/ANDROID-DEV/Projects/Kosmos/app/src/main/java/com/example/kosmos/shared/ui/components/Dialogs.kt:570:5 'fun AlertDialog(onDismissRequest: () -> Unit, modifier: Modifier = ..., properties: DialogProperties = ..., content: ComposableFunction0<Unit>): Unit' is deprecated. Use BasicAlertDialog instead.
w: file:///home/anshul/WORK/DEVELOPEMENT/ANDROID-DEV/Projects/Kosmos/app/src/main/java/com/example/kosmos/shared/ui/designsystem/IconSet.kt:28:34 'val Icons.Filled.Chat: ImageVector' is deprecated. Use the AutoMirrored version at Icons.AutoMirrored.Filled.Chat.
w: file:///home/anshul/WORK/DEVELOPEMENT/ANDROID-DEV/Projects/Kosmos/app/src/main/java/com/example/kosmos/shared/ui/designsystem/IconSet.kt:29:44 'val Icons.Outlined.Chat: ImageVector' is deprecated. Use the AutoMirrored version at Icons.AutoMirrored.Outlined.Chat.
w: file:///home/anshul/WORK/DEVELOPEMENT/ANDROID-DEV/Projects/Kosmos/app/src/main/java/com/example/kosmos/shared/ui/designsystem/IconSet.kt:64:33 'val Icons.Filled.Sort: ImageVector' is deprecated. Use the AutoMirrored version at Icons.AutoMirrored.Filled.Sort.
w: file:///home/anshul/WORK/DEVELOPEMENT/ANDROID-DEV/Projects/Kosmos/app/src/main/java/com/example/kosmos/shared/ui/designsystem/IconSet.kt:81:43 'val Icons.Outlined.Send: ImageVector' is deprecated. Use the AutoMirrored version at Icons.AutoMirrored.Outlined.Send.
w: file:///home/anshul/WORK/DEVELOPEMENT/ANDROID-DEV/Projects/Kosmos/app/src/main/java/com/example/kosmos/shared/ui/designsystem/IconSet.kt:82:36 'val Icons.Filled.Message: ImageVector' is deprecated. Use the AutoMirrored version at Icons.AutoMirrored.Filled.Message.
w: file:///home/anshul/WORK/DEVELOPEMENT/ANDROID-DEV/Projects/Kosmos/app/src/main/java/com/example/kosmos/shared/ui/designsystem/IconSet.kt:83:46 'val Icons.Outlined.Message: ImageVector' is deprecated. Use the AutoMirrored version at Icons.AutoMirrored.Outlined.Message.
w: file:///home/anshul/WORK/DEVELOPEMENT/ANDROID-DEV/Projects/Kosmos/app/src/main/java/com/example/kosmos/shared/ui/designsystem/IconSet.kt:84:33 'val Icons.Filled.Chat: ImageVector' is deprecated. Use the AutoMirrored version at Icons.AutoMirrored.Filled.Chat.
w: file:///home/anshul/WORK/DEVELOPEMENT/ANDROID-DEV/Projects/Kosmos/app/src/main/java/com/example/kosmos/shared/ui/designsystem/IconSet.kt:85:43 'val Icons.Outlined.Chat: ImageVector' is deprecated. Use the AutoMirrored version at Icons.AutoMirrored.Outlined.Chat.
w: file:///home/anshul/WORK/DEVELOPEMENT/ANDROID-DEV/Projects/Kosmos/app/src/main/java/com/example/kosmos/shared/ui/designsystem/IconSet.kt:117:39 'val Icons.Filled.Assignment: ImageVector' is deprecated. Use the AutoMirrored version at Icons.AutoMirrored.Filled.Assignment.
w: file:///home/anshul/WORK/DEVELOPEMENT/ANDROID-DEV/Projects/Kosmos/app/src/main/java/com/example/kosmos/shared/ui/designsystem/IconSet.kt:118:49 'val Icons.Outlined.Assignment: ImageVector' is deprecated. Use the AutoMirrored version at Icons.AutoMirrored.Outlined.Assignment.
w: file:///home/anshul/WORK/DEVELOPEMENT/ANDROID-DEV/Projects/Kosmos/app/src/main/java/com/example/kosmos/shared/ui/designsystem/IconSet.kt:120:33 'val Icons.Filled.List: ImageVector' is deprecated. Use the AutoMirrored version at Icons.AutoMirrored.Filled.List.
w: file:///home/anshul/WORK/DEVELOPEMENT/ANDROID-DEV/Projects/Kosmos/app/src/main/java/com/example/kosmos/shared/ui/designsystem/IconSet.kt:194:33 'val Icons.Filled.Help: ImageVector' is deprecated. Use the AutoMirrored version at Icons.AutoMirrored.Filled.Help.
w: file:///home/anshul/WORK/DEVELOPEMENT/ANDROID-DEV/Projects/Kosmos/app/src/main/java/com/example/kosmos/shared/ui/designsystem/IconSet.kt:195:43 'val Icons.Outlined.Help: ImageVector' is deprecated. Use the AutoMirrored version at Icons.AutoMirrored.Outlined.Help.
w: file:///home/anshul/WORK/DEVELOPEMENT/ANDROID-DEV/Projects/Kosmos/app/src/main/java/com/example/kosmos/shared/ui/designsystem/IconSet.kt:215:34 'val Icons.Filled.Label: ImageVector' is deprecated. Use the AutoMirrored version at Icons.AutoMirrored.Filled.Label.
w: file:///home/anshul/WORK/DEVELOPEMENT/ANDROID-DEV/Projects/Kosmos/app/src/main/java/com/example/kosmos/shared/ui/designsystem/IconSet.kt:216:44 'val Icons.Outlined.Label: ImageVector' is deprecated. Use the AutoMirrored version at Icons.AutoMirrored.Outlined.Label.
w: file:///home/anshul/WORK/DEVELOPEMENT/ANDROID-DEV/Projects/Kosmos/app/src/main/java/com/example/kosmos/shared/ui/designsystem/IconSet.kt:224:33 'val Icons.Filled.InsertDriveFile: ImageVector' is deprecated. Use the AutoMirrored version at Icons.AutoMirrored.Filled.InsertDriveFile.
w: file:///home/anshul/WORK/DEVELOPEMENT/ANDROID-DEV/Projects/Kosmos/app/src/main/java/com/example/kosmos/shared/ui/designsystem/IconSet.kt:225:43 'val Icons.Outlined.InsertDriveFile: ImageVector' is deprecated. Use the AutoMirrored version at Icons.AutoMirrored.Outlined.InsertDriveFile.
w: file:///home/anshul/WORK/DEVELOPEMENT/ANDROID-DEV/Projects/Kosmos/app/src/main/java/com/example/kosmos/shared/ui/designsystem/IconSet.kt:297:37 'val Icons.Filled.VolumeUp: ImageVector' is deprecated. Use the AutoMirrored version at Icons.AutoMirrored.Filled.VolumeUp.
w: file:///home/anshul/WORK/DEVELOPEMENT/ANDROID-DEV/Projects/Kosmos/app/src/main/java/com/example/kosmos/shared/ui/designsystem/IconSet.kt:298:39 'val Icons.Filled.VolumeDown: ImageVector' is deprecated. Use the AutoMirrored version at Icons.AutoMirrored.Filled.VolumeDown.
w: file:///home/anshul/WORK/DEVELOPEMENT/ANDROID-DEV/Projects/Kosmos/app/src/main/java/com/example/kosmos/shared/ui/designsystem/IconSet.kt:299:38 'val Icons.Filled.VolumeOff: ImageVector' is deprecated. Use the AutoMirrored version at Icons.AutoMirrored.Filled.VolumeOff.
w: file:///home/anshul/WORK/DEVELOPEMENT/ANDROID-DEV/Projects/Kosmos/app/src/main/java/com/example/kosmos/shared/ui/designsystem/IconSet.kt:322:33 'val Icons.Filled.KeyboardArrowLeft: ImageVector' is deprecated. Use the AutoMirrored version at Icons.AutoMirrored.Filled.KeyboardArrowLeft.
w: file:///home/anshul/WORK/DEVELOPEMENT/ANDROID-DEV/Projects/Kosmos/app/src/main/java/com/example/kosmos/shared/ui/designsystem/IconSet.kt:323:34 'val Icons.Filled.KeyboardArrowRight: ImageVector' is deprecated. Use the AutoMirrored version at Icons.AutoMirrored.Filled.KeyboardArrowRight.
w: file:///home/anshul/WORK/DEVELOPEMENT/ANDROID-DEV/Projects/Kosmos/app/src/main/java/com/example/kosmos/shared/ui/layouts/ScreenScaffold.kt:485:17 'fun TabRow(selectedTabIndex: Int, modifier: Modifier = ..., containerColor: Color = ..., contentColor: Color = ..., indicator: ComposableFunction1<List<TabPosition>, Unit> = ..., divider: ComposableFunction0<Unit> = ..., tabs: ComposableFunction0<Unit>): Unit' is deprecated. Replaced with PrimaryTabRow and SecondaryTabRow.
w: file:///home/anshul/WORK/DEVELOPEMENT/ANDROID-DEV/Projects/Kosmos/app/src/main/java/com/example/kosmos/shared/ui/theme/Theme.kt:173:20 'var statusBarColor: Int' is deprecated. Deprecated in Java.

> Task :app:compileDebugJavaWithJavac
> Task :app:hiltAggregateDepsDebug UP-TO-DATE
> Task :app:hiltJavaCompileDebug
> Task :app:processDebugJavaRes
> Task :app:transformDebugClassesWithAsm
> Task :app:mergeDebugJavaResource
> Task :app:dexBuilderDebug
> Task :app:mergeProjectDexDebug
> Task :app:packageDebug
> Task :app:createDebugApkListingFileRedirect
> Task :app:assembleDebug

BUILD SUCCESSFUL in 23s
42 actionable tasks: 11 executed, 31 up-to-date
