> Task :app:preBuild UP-TO-DATE
> Task :app:preDebugBuild UP-TO-DATE
> Task :app:mergeDebugNativeDebugMetadata NO-SOURCE
> Task :app:checkKotlinGradlePluginConfigurationErrors SKIPPED
> Task :app:generateDebugBuildConfig UP-TO-DATE
> Task :app:checkDebugAarMetadata UP-TO-DATE
> Task :app:processDebugNavigationResources UP-TO-DATE
> Task :app:compileDebugNavigationResources UP-TO-DATE
> Task :app:generateDebugResValues UP-TO-DATE
> Task :app:mapDebugSourceSetPaths UP-TO-DATE
> Task :app:generateDebugResources UP-TO-DATE
> Task :app:mergeDebugResources UP-TO-DATE
> Task :app:packageDebugResources UP-TO-DATE
> Task :app:parseDebugLocalResources UP-TO-DATE
> Task :app:createDebugCompatibleScreenManifests UP-TO-DATE
> Task :app:extractDeepLinksDebug UP-TO-DATE
> Task :app:processDebugMainManifest FROM-CACHE
> Task :app:processDebugManifest FROM-CACHE
> Task :app:processDebugManifestForPackage FROM-CACHE
> Task :app:processDebugResources FROM-CACHE
> Task :app:javaPreCompileDebug UP-TO-DATE
> Task :app:mergeDebugShaders UP-TO-DATE
> Task :app:compileDebugShaders NO-SOURCE
> Task :app:generateDebugAssets UP-TO-DATE
> Task :app:mergeDebugAssets UP-TO-DATE
> Task :app:compressDebugAssets UP-TO-DATE
> Task :app:checkDebugDuplicateClasses UP-TO-DATE
> Task :app:desugarDebugFileDependencies UP-TO-DATE
> Task :app:mergeExtDexDebug UP-TO-DATE
> Task :app:mergeLibDexDebug UP-TO-DATE
> Task :app:mergeDebugJniLibFolders UP-TO-DATE
> Task :app:mergeDebugNativeLibs UP-TO-DATE
> Task :app:stripDebugDebugSymbols UP-TO-DATE
> Task :app:validateSigningDebug UP-TO-DATE
> Task :app:writeDebugAppMetadata UP-TO-DATE
> Task :app:writeDebugSigningConfigVersions UP-TO-DATE
> Task :app:kspDebugKotlin

> Task :app:compileDebugKotlin FAILED
e: file:///home/anshul/WORK/DEVELOPEMENT/ANDROID-DEV/Projects/Kosmos/app/src/main/java/com/example/kosmos/features/projects/presentation/redesign/ProjectDetailsScreenWrapper.kt:51:23 Unresolved reference 'loadChatRoomsForProject'.
e: file:///home/anshul/WORK/DEVELOPEMENT/ANDROID-DEV/Projects/Kosmos/app/src/main/java/com/example/kosmos/features/projects/presentation/redesign/ProjectDetailsScreenWrapper.kt:92:21 Cannot infer type for type parameter 'T'. Specify it explicitly.
e: file:///home/anshul/WORK/DEVELOPEMENT/ANDROID-DEV/Projects/Kosmos/app/src/main/java/com/example/kosmos/features/projects/presentation/redesign/ProjectDetailsScreenWrapper.kt:92:42 Unresolved reference 'chatRooms'.
e: file:///home/anshul/WORK/DEVELOPEMENT/ANDROID-DEV/Projects/Kosmos/app/src/main/java/com/example/kosmos/features/projects/presentation/redesign/ProjectDetailsScreenWrapper.kt:93:21 Unresolved reference 'chatRooms'.
e: file:///home/anshul/WORK/DEVELOPEMENT/ANDROID-DEV/Projects/Kosmos/app/src/main/java/com/example/kosmos/features/projects/presentation/redesign/ProjectDetailsScreenWrapper.kt:93:37 Cannot infer type for value parameter 'chatRoom'. Specify it explicitly.
e: file:///home/anshul/WORK/DEVELOPEMENT/ANDROID-DEV/Projects/Kosmos/app/src/main/java/com/example/kosmos/features/projects/presentation/redesign/ProjectDetailsScreenWrapper.kt:95:31 Unresolved reference 'id'.
e: file:///home/anshul/WORK/DEVELOPEMENT/ANDROID-DEV/Projects/Kosmos/app/src/main/java/com/example/kosmos/features/projects/presentation/redesign/ProjectDetailsScreenWrapper.kt:96:33 Unresolved reference 'name'.
e: file:///home/anshul/WORK/DEVELOPEMENT/ANDROID-DEV/Projects/Kosmos/app/src/main/java/com/example/kosmos/features/projects/presentation/redesign/ProjectDetailsScreenWrapper.kt:97:17 No parameter with name 'description' found.
e: file:///home/anshul/WORK/DEVELOPEMENT/ANDROID-DEV/Projects/Kosmos/app/src/main/java/com/example/kosmos/features/projects/presentation/redesign/ProjectDetailsScreenWrapper.kt:97:40 Unresolved reference 'description'.
e: file:///home/anshul/WORK/DEVELOPEMENT/ANDROID-DEV/Projects/Kosmos/app/src/main/java/com/example/kosmos/features/projects/presentation/redesign/ProjectDetailsScreenWrapper.kt:98:40 Unresolved reference 'lastMessage'.
e: file:///home/anshul/WORK/DEVELOPEMENT/ANDROID-DEV/Projects/Kosmos/app/src/main/java/com/example/kosmos/features/projects/presentation/redesign/ProjectDetailsScreenWrapper.kt:99:17 No parameter with name 'lastMessageTime' found.
e: file:///home/anshul/WORK/DEVELOPEMENT/ANDROID-DEV/Projects/Kosmos/app/src/main/java/com/example/kosmos/features/projects/presentation/redesign/ProjectDetailsScreenWrapper.kt:99:44 Unresolved reference 'lastMessageTimestamp'.
e: file:///home/anshul/WORK/DEVELOPEMENT/ANDROID-DEV/Projects/Kosmos/app/src/main/java/com/example/kosmos/features/projects/presentation/redesign/ProjectDetailsScreenWrapper.kt:100:40 Unresolved reference 'unreadCount'.
e: file:///home/anshul/WORK/DEVELOPEMENT/ANDROID-DEV/Projects/Kosmos/app/src/main/java/com/example/kosmos/features/projects/presentation/redesign/ProjectDetailsScreenWrapper.kt:101:17 No parameter with name 'memberCount' found.
e: file:///home/anshul/WORK/DEVELOPEMENT/ANDROID-DEV/Projects/Kosmos/app/src/main/java/com/example/kosmos/features/projects/presentation/redesign/ProjectDetailsScreenWrapper.kt:101:40 Unresolved reference 'participantCount'.
e: file:///home/anshul/WORK/DEVELOPEMENT/ANDROID-DEV/Projects/Kosmos/app/src/main/java/com/example/kosmos/features/projects/presentation/redesign/ProjectDetailsScreenWrapper.kt:102:17 No parameter with name 'type' found.
e: file:///home/anshul/WORK/DEVELOPEMENT/ANDROID-DEV/Projects/Kosmos/app/src/main/java/com/example/kosmos/features/projects/presentation/redesign/ProjectDetailsScreenWrapper.kt:102:17 No value passed for parameter 'timestamp'.
e: file:///home/anshul/WORK/DEVELOPEMENT/ANDROID-DEV/Projects/Kosmos/app/src/main/java/com/example/kosmos/features/projects/presentation/redesign/ProjectDetailsScreenWrapper.kt:102:17 No value passed for parameter 'formattedTimestamp'.
e: file:///home/anshul/WORK/DEVELOPEMENT/ANDROID-DEV/Projects/Kosmos/app/src/main/java/com/example/kosmos/features/projects/presentation/redesign/ProjectDetailsScreenWrapper.kt:102:24 'when' expression must be exhaustive. Add an 'else' branch.
e: file:///home/anshul/WORK/DEVELOPEMENT/ANDROID-DEV/Projects/Kosmos/app/src/main/java/com/example/kosmos/features/projects/presentation/redesign/ProjectDetailsScreenWrapper.kt:102:39 Unresolved reference 'type'.
e: file:///home/anshul/WORK/DEVELOPEMENT/ANDROID-DEV/Projects/Kosmos/app/src/main/java/com/example/kosmos/features/projects/presentation/redesign/ProjectDetailsScreenWrapper.kt:103:52 Unresolved reference 'RoomType'.
e: file:///home/anshul/WORK/DEVELOPEMENT/ANDROID-DEV/Projects/Kosmos/app/src/main/java/com/example/kosmos/features/projects/presentation/redesign/ProjectDetailsScreenWrapper.kt:103:127 Unresolved reference 'ChatRoomType'.
e: file:///home/anshul/WORK/DEVELOPEMENT/ANDROID-DEV/Projects/Kosmos/app/src/main/java/com/example/kosmos/features/projects/presentation/redesign/ProjectDetailsScreenWrapper.kt:104:52 Unresolved reference 'RoomType'.
e: file:///home/anshul/WORK/DEVELOPEMENT/ANDROID-DEV/Projects/Kosmos/app/src/main/java/com/example/kosmos/features/projects/presentation/redesign/ProjectDetailsScreenWrapper.kt:104:127 Unresolved reference 'ChatRoomType'.
e: file:///home/anshul/WORK/DEVELOPEMENT/ANDROID-DEV/Projects/Kosmos/app/src/main/java/com/example/kosmos/features/projects/presentation/redesign/ProjectDetailsScreenWrapper.kt:105:52 Unresolved reference 'RoomType'.
e: file:///home/anshul/WORK/DEVELOPEMENT/ANDROID-DEV/Projects/Kosmos/app/src/main/java/com/example/kosmos/features/projects/presentation/redesign/ProjectDetailsScreenWrapper.kt:105:133 Unresolved reference 'ChatRoomType'.
e: file:///home/anshul/WORK/DEVELOPEMENT/ANDROID-DEV/Projects/Kosmos/app/src/main/java/com/example/kosmos/features/projects/presentation/redesign/ProjectDetailsScreenWrapper.kt:106:52 Unresolved reference 'RoomType'.
e: file:///home/anshul/WORK/DEVELOPEMENT/ANDROID-DEV/Projects/Kosmos/app/src/main/java/com/example/kosmos/features/projects/presentation/redesign/ProjectDetailsScreenWrapper.kt:106:134 Unresolved reference 'ChatRoomType'.
e: file:///home/anshul/WORK/DEVELOPEMENT/ANDROID-DEV/Projects/Kosmos/app/src/main/java/com/example/kosmos/features/projects/presentation/redesign/ProjectDetailsScreenWrapper.kt:131:17 No parameter with name 'assigneeName' found.
e: file:///home/anshul/WORK/DEVELOPEMENT/ANDROID-DEV/Projects/Kosmos/app/src/main/java/com/example/kosmos/features/projects/presentation/redesign/ProjectDetailsScreenWrapper.kt:132:27 Argument type mismatch: actual type is 'Long?', but 'String?' was expected.
e: file:///home/anshul/WORK/DEVELOPEMENT/ANDROID-DEV/Projects/Kosmos/app/src/main/java/com/example/kosmos/features/projects/presentation/redesign/ProjectDetailsScreenWrapper.kt:133:17 No value passed for parameter 'updatedAt'.

FAILURE: Build failed with an exception.

* What went wrong:
Execution failed for task ':app:compileDebugKotlin'.
> A failure occurred while executing org.jetbrains.kotlin.compilerRunner.GradleCompilerRunnerWithWorkers$GradleKotlinCompilerWorkAction
   > Compilation error. See log for more details

* Try:
> Run with --stacktrace option to get the stack trace.
> Run with --info or --debug option to get more log output.
> Run with --scan to get full insights.
> Get more help at https://help.gradle.org.

BUILD FAILED in 16s
32 actionable tasks: 2 executed, 4 from cache, 26 up-to-date
